Archive member included to satisfy reference by file (symbol)

D:/Program Files/STM32CubeCLT_1.17.0/GNU-tools-for-STM32/bin/../lib/gcc/arm-none-eabi/12.3.1/thumb/v7e-m/nofp\libgcc.a(_arm_mulsf3.o)
                              CMakeFiles/6axis-arm-pr.elf.dir/Core/Src/Communications.c.obj (__aeabi_fmul)
D:/Program Files/STM32CubeCLT_1.17.0/GNU-tools-for-STM32/bin/../lib/gcc/arm-none-eabi/12.3.1/thumb/v7e-m/nofp\libgcc.a(_arm_addsubdf3.o)
                              CMakeFiles/6axis-arm-pr.elf.dir/Core/Src/main.c.obj (__aeabi_dsub)
D:/Program Files/STM32CubeCLT_1.17.0/GNU-tools-for-STM32/bin/../lib/gcc/arm-none-eabi/12.3.1/thumb/v7e-m/nofp\libgcc.a(_arm_cmpdf2.o)
                              CMakeFiles/6axis-arm-pr.elf.dir/Core/Src/main.c.obj (__aeabi_dcmpge)
D:/Program Files/STM32CubeCLT_1.17.0/GNU-tools-for-STM32/bin/../lib/gcc/arm-none-eabi/12.3.1/thumb/v7e-m/nofp\libgcc.a(_arm_truncdfsf2.o)
                              CMakeFiles/6axis-arm-pr.elf.dir/Core/Src/main.c.obj (__aeabi_d2f)
D:/Program Files/STM32CubeCLT_1.17.0/GNU-tools-for-STM32/bin/../lib/gcc/arm-none-eabi/12.3.1/thumb/v7e-m/nofp\libgcc.a(_arm_addsubsf3.o)
                              CMakeFiles/6axis-arm-pr.elf.dir/Core/Src/Communications.c.obj (__aeabi_fsub)
D:/Program Files/STM32CubeCLT_1.17.0/GNU-tools-for-STM32/bin/../lib/gcc/arm-none-eabi/12.3.1/thumb/v7e-m/nofp\libgcc.a(_arm_muldivsf3.o)
                              CMakeFiles/6axis-arm-pr.elf.dir/Core/Src/Communications.c.obj (__aeabi_fdiv)
D:/Program Files/STM32CubeCLT_1.17.0/GNU-tools-for-STM32/bin/../lib/gcc/arm-none-eabi/12.3.1/thumb/v7e-m/nofp\libgcc.a(_arm_cmpsf2.o)
                              CMakeFiles/6axis-arm-pr.elf.dir/Core/Src/main.c.obj (__aeabi_fcmple)
D:/Program Files/STM32CubeCLT_1.17.0/GNU-tools-for-STM32/bin/../lib/gcc/arm-none-eabi/12.3.1/thumb/v7e-m/nofp\libgcc.a(_arm_fixsfsi.o)
                              CMakeFiles/6axis-arm-pr.elf.dir/Core/Src/Communications.c.obj (__aeabi_f2iz)
D:/Program Files/STM32CubeCLT_1.17.0/GNU-tools-for-STM32/bin/../lib/gcc/arm-none-eabi/12.3.1/thumb/v7e-m/nofp\libgcc.a(_aeabi_uldivmod.o)
                              CMakeFiles/6axis-arm-pr.elf.dir/Drivers/STM32F4xx_HAL_Driver/Src/stm32f4xx_hal_rcc.c.obj (__aeabi_uldivmod)
D:/Program Files/STM32CubeCLT_1.17.0/GNU-tools-for-STM32/bin/../lib/gcc/arm-none-eabi/12.3.1/thumb/v7e-m/nofp\libgcc.a(_udivmoddi4.o)
                              D:/Program Files/STM32CubeCLT_1.17.0/GNU-tools-for-STM32/bin/../lib/gcc/arm-none-eabi/12.3.1/thumb/v7e-m/nofp\libgcc.a(_aeabi_uldivmod.o) (__udivmoddi4)
D:/Program Files/STM32CubeCLT_1.17.0/GNU-tools-for-STM32/bin/../lib/gcc/arm-none-eabi/12.3.1/thumb/v7e-m/nofp\libgcc.a(_dvmd_tls.o)
                              D:/Program Files/STM32CubeCLT_1.17.0/GNU-tools-for-STM32/bin/../lib/gcc/arm-none-eabi/12.3.1/thumb/v7e-m/nofp\libgcc.a(_aeabi_uldivmod.o) (__aeabi_ldiv0)
D:/Program Files/STM32CubeCLT_1.17.0/GNU-tools-for-STM32/bin/../lib/gcc/arm-none-eabi/12.3.1/../../../../arm-none-eabi/lib/thumb/v7e-m/nofp\libg.a(libc_a-exit.o)
                              D:/Program Files/STM32CubeCLT_1.17.0/GNU-tools-for-STM32/bin/../lib/gcc/arm-none-eabi/12.3.1/../../../../arm-none-eabi/lib/thumb/v7e-m/nofp/crt0.o (exit)
D:/Program Files/STM32CubeCLT_1.17.0/GNU-tools-for-STM32/bin/../lib/gcc/arm-none-eabi/12.3.1/../../../../arm-none-eabi/lib/thumb/v7e-m/nofp\libg.a(libc_a-findfp.o)
                              D:/Program Files/STM32CubeCLT_1.17.0/GNU-tools-for-STM32/bin/../lib/gcc/arm-none-eabi/12.3.1/../../../../arm-none-eabi/lib/thumb/v7e-m/nofp\libg.a(libc_a-exit.o) (__stdio_exit_handler)
D:/Program Files/STM32CubeCLT_1.17.0/GNU-tools-for-STM32/bin/../lib/gcc/arm-none-eabi/12.3.1/../../../../arm-none-eabi/lib/thumb/v7e-m/nofp\libg.a(libc_a-fwalk.o)
                              D:/Program Files/STM32CubeCLT_1.17.0/GNU-tools-for-STM32/bin/../lib/gcc/arm-none-eabi/12.3.1/../../../../arm-none-eabi/lib/thumb/v7e-m/nofp\libg.a(libc_a-findfp.o) (_fwalk_sglue)
D:/Program Files/STM32CubeCLT_1.17.0/GNU-tools-for-STM32/bin/../lib/gcc/arm-none-eabi/12.3.1/../../../../arm-none-eabi/lib/thumb/v7e-m/nofp\libg.a(libc_a-stdio.o)
                              D:/Program Files/STM32CubeCLT_1.17.0/GNU-tools-for-STM32/bin/../lib/gcc/arm-none-eabi/12.3.1/../../../../arm-none-eabi/lib/thumb/v7e-m/nofp\libg.a(libc_a-findfp.o) (__sread)
D:/Program Files/STM32CubeCLT_1.17.0/GNU-tools-for-STM32/bin/../lib/gcc/arm-none-eabi/12.3.1/../../../../arm-none-eabi/lib/thumb/v7e-m/nofp\libg.a(libc_a-memset.o)
                              D:/Program Files/STM32CubeCLT_1.17.0/GNU-tools-for-STM32/bin/../lib/gcc/arm-none-eabi/12.3.1/../../../../arm-none-eabi/lib/thumb/v7e-m/nofp/crt0.o (memset)
D:/Program Files/STM32CubeCLT_1.17.0/GNU-tools-for-STM32/bin/../lib/gcc/arm-none-eabi/12.3.1/../../../../arm-none-eabi/lib/thumb/v7e-m/nofp\libg.a(libc_a-closer.o)
[...]
Memory Configuration

Name             Origin             Length             Attributes
CCMRAM           0x10000000         0x00010000         xrw
RAM              0x20000000         0x00020000         xrw
FLASH            0x08000000         0x00100000         xr
*default*        0x00000000         0xffffffff

Linker script and memory map

LOAD D:/Program Files/STM32CubeCLT_1.17.0/GNU-tools-for-STM32/bin/../lib/gcc/arm-none-eabi/12.3.1/thumb/v7e-m/nofp/crti.o
LOAD D:/Program Files/STM32CubeCLT_1.17.0/GNU-tools-for-STM32/bin/../lib/gcc/arm-none-eabi/12.3.1/thumb/v7e-m/nofp/crtbegin.o
LOAD D:/Program Files/STM32CubeCLT_1.17.0/GNU-tools-for-STM32/bin/../lib/gcc/arm-none-eabi/12.3.1/../../../../arm-none-eabi/lib/thumb/v7e-m/nofp/crt0.o
LOAD CMakeFiles/6axis-arm-pr.elf.dir/Core/Src/Communications.c.obj
LOAD CMakeFiles/6axis-arm-pr.elf.dir/Core/Src/can.c.obj
LOAD CMakeFiles/6axis-arm-pr.elf.dir/Core/Src/dma.c.obj
LOAD CMakeFiles/6axis-arm-pr.elf.dir/Core/Src/gpio.c.obj
LOAD CMakeFiles/6axis-arm-pr.elf.dir/Core/Src/main.c.obj
LOAD CMakeFiles/6axis-arm-pr.elf.dir/Core/Src/remote.c.obj
LOAD CMakeFiles/6axis-arm-pr.elf.dir/Core/Src/stm32f4xx_hal_msp.c.obj
LOAD CMakeFiles/6axis-arm-pr.elf.dir/Core/Src/stm32f4xx_it.c.obj
LOAD CMakeFiles/6axis-arm-pr.elf.dir/Core/Src/syscalls.c.obj
LOAD CMakeFiles/6axis-arm-pr.elf.dir/Core/Src/sysmem.c.obj
LOAD CMakeFiles/6axis-arm-pr.elf.dir/Core/Src/system_stm32f4xx.c.obj
LOAD CMakeFiles/6axis-arm-pr.elf.dir/Core/Src/tim.c.obj
LOAD CMakeFiles/6axis-arm-pr.elf.dir/Core/Src/usart.c.obj
LOAD CMakeFiles/6axis-arm-pr.elf.dir/Core/Startup/startup_stm32f407ighx.s.obj
LOAD CMakeFiles/6axis-arm-pr.elf.dir/Drivers/STM32F4xx_HAL_Driver/Src/stm32f4xx_hal.c.obj
LOAD CMakeFiles/6axis-arm-pr.elf.dir/Drivers/STM32F4xx_HAL_Driver/Src/stm32f4xx_hal_can.c.obj
LOAD CMakeFiles/6axis-arm-pr.elf.dir/Drivers/STM32F4xx_HAL_Driver/Src/stm32f4xx_hal_cortex.c.obj
LOAD CMakeFiles/6axis-arm-pr.elf.dir/Drivers/STM32F4xx_HAL_Driver/Src/stm32f4xx_hal_dma.c.obj
LOAD CMakeFiles/6axis-arm-pr.elf.dir/Drivers/STM32F4xx_HAL_Driver/Src/stm32f4xx_hal_dma_ex.c.obj
LOAD CMakeFiles/6axis-arm-pr.elf.dir/Drivers/STM32F4xx_HAL_Driver/Src/stm32f4xx_hal_exti.c.obj
LOAD CMakeFiles/6axis-arm-pr.elf.dir/Drivers/STM32F4xx_HAL_Driver/Src/stm32f4xx_hal_flash.c.obj
LOAD CMakeFiles/6axis-arm-pr.elf.dir/Drivers/STM32F4xx_HAL_Driver/Src/stm32f4xx_hal_flash_ex.c.obj
LOAD CMakeFiles/6axis-arm-pr.elf.dir/Drivers/STM32F4xx_HAL_Driver/Src/stm32f4xx_hal_flash_ramfunc.c.obj
LOAD CMakeFiles/6axis-arm-pr.elf.dir/Drivers/STM32F4xx_HAL_Driver/Src/stm32f4xx_hal_gpio.c.obj
LOAD CMakeFiles/6axis-arm-pr.elf.dir/Drivers/STM32F4xx_HAL_Driver/Src/stm32f4xx_hal_pwr.c.obj
LOAD CMakeFiles/6axis-arm-pr.elf.dir/Drivers/STM32F4xx_HAL_Driver/Src/stm32f4xx_hal_pwr_ex.c.obj
LOAD CMakeFiles/6axis-arm-pr.elf.dir/Drivers/STM32F4xx_HAL_Driver/Src/stm32f4xx_hal_rcc.c.obj
LOAD CMakeFiles/6axis-arm-pr.elf.dir/Drivers/STM32F4xx_HAL_Driver/Src/stm32f4xx_hal_rcc_ex.c.obj
LOAD CMakeFiles/6axis-arm-pr.elf.dir/Drivers/STM32F4xx_HAL_Driver/Src/stm32f4xx_hal_tim.c.obj
LOAD CMakeFiles/6axis-arm-pr.elf.dir/Drivers/STM32F4xx_HAL_Driver/Src/stm32f4xx_hal_tim_ex.c.obj
LOAD CMakeFiles/6axis-arm-pr.elf.dir/Drivers/STM32F4xx_HAL_Driver/Src/stm32f4xx_hal_uart.c.obj
START GROUP
LOAD D:/Program Files/STM32CubeCLT_1.17.0/GNU-tools-for-STM32/bin/../lib/gcc/arm-none-eabi/12.3.1/thumb/v7e-m/nofp\libgcc.a
LOAD D:/Program Files/STM32CubeCLT_1.17.0/GNU-tools-for-STM32/bin/../lib/gcc/arm-none-eabi/12.3.1/../../../../arm-none-eabi/lib/thumb/v7e-m/nofp\libg.a
LOAD D:/Program Files/STM32CubeCLT_1.17.0/GNU-tools-for-STM32/bin/../lib/gcc/arm-none-eabi/12.3.1/../../../../arm-none-eabi/lib/thumb/v7e-m/nofp\libc.a
END GROUP
LOAD D:/Program Files/STM32CubeCLT_1.17.0/GNU-tools-for-STM32/bin/../lib/gcc/arm-none-eabi/12.3.1/thumb/v7e-m/nofp/crtend.o
LOAD D:/Program Files/STM32CubeCLT_1.17.0/GNU-tools-for-STM32/bin/../lib/gcc/arm-none-eabi/12.3.1/thumb/v7e-m/nofp/crtn.o
                0x20020000                        _estack = (ORIGIN (RAM) + LENGTH (RAM))
                0x00000200                        _Min_Heap_Size = 0x200
                0x00000400                        _Min_Stack_Size = 0x400

.isr_vector     0x08000000      0x188
                0x08000000                        . = ALIGN (0x4)
 *(.isr_vector)
 .isr_vector    0x08000000      0x188 CMakeFiles/6axis-arm-pr.elf.dir/Core/Startup/startup_stm32f407ighx.s.obj
                0x08000000                g_pfnVectors
                0x08000188                        . = ALIGN (0x4)

.text           0x08000188     0x3df0
                0x08000188                        . = ALIGN (0x4)
 *(.text)
 .text          0x08000188       0x40 D:/Program Files/STM32CubeCLT_1.17.0/GNU-tools-for-STM32/bin/../lib/gcc/arm-none-eabi/12.3.1/thumb/v7e-m/nofp/crtbegin.o
 .text          0x080001c8      0x378 D:/Program Files/STM32CubeCLT_1.17.0/GNU-tools-for-STM32/bin/../lib/gcc/arm-none-eabi/12.3.1/thumb/v7e-m/nofp\libgcc.a(_arm_addsubdf3.o)
                0x080001c8                __aeabi_drsub
                0x080001d0                __aeabi_dsub
                0x080001d0                __subdf3
                0x080001d4                __aeabi_dadd
                0x080001d4                __adddf3
                0x0800044c                __floatunsidf
                0x0800044c                __aeabi_ui2d
                0x0800046c                __floatsidf
                0x0800046c                __aeabi_i2d
                0x08000490                __aeabi_f2d
                0x08000490                __extendsfdf2
                0x080004d4                __floatundidf
                0x080004d4                __aeabi_ul2d
                0x080004e4                __floatdidf
                0x080004e4                __aeabi_l2d
 .text          0x08000540      0x110 D:/Program Files/STM32CubeCLT_1.17.0/GNU-tools-for-STM32/bin/../lib/gcc/arm-none-eabi/12.3.1/thumb/v7e-m/nofp\libgcc.a(_arm_cmpdf2.o)
                0x08000540                __gtdf2
                0x08000540                __gedf2
                0x08000548                __ltdf2
                0x08000548                __ledf2
                0x08000550                __nedf2
                0x08000550                __eqdf2
                0x08000550                __cmpdf2
                0x080005cc                __aeabi_cdrcmple
                0x080005dc                __aeabi_cdcmpeq
                0x080005dc                __aeabi_cdcmple
                0x080005ec                __aeabi_dcmpeq
                0x08000600                __aeabi_dcmplt
                0x08000614                __aeabi_dcmple
                0x08000628                __aeabi_dcmpge
                0x0800063c                __aeabi_dcmpgt
 .text          0x08000650       0xa0 D:/Program Files/STM32CubeCLT_1.17.0/GNU-tools-for-STM32/bin/../lib/gcc/arm-none-eabi/12.3.1/thumb/v7e-m/nofp\libgcc.a(_arm_truncdfsf2.o)
                0x08000650                __truncdfsf2
                0x08000650                __aeabi_d2f
 .text          0x080006f0      0x21c D:/Program Files/STM32CubeCLT_1.17.0/GNU-tools-for-STM32/bin/../lib/gcc/arm-none-eabi/12.3.1/thumb/v7e-m/nofp\libgcc.a(_arm_addsubsf3.o)
                0x080006f0                __aeabi_frsub
                0x080006f8                __subsf3
                0x080006f8                __aeabi_fsub
                0x080006fc                __aeabi_fadd
                0x080006fc                __addsf3
                0x0800085c                __aeabi_ui2f
                0x0800085c                __floatunsisf
                0x08000864                __aeabi_i2f
                0x08000864                __floatsisf
                0x08000880                __aeabi_ul2f
                0x08000880                __floatundisf
                0x08000890                __aeabi_l2f
                0x08000890                __floatdisf
 .text          0x0800090c      0x2a0 D:/Program Files/STM32CubeCLT_1.17.0/GNU-tools-for-STM32/bin/../lib/gcc/arm-none-eabi/12.3.1/thumb/v7e-m/nofp\libgcc.a(_arm_muldivsf3.o)
                0x0800090c                __mulsf3
                0x0800090c                __aeabi_fmul
                0x08000a74                __aeabi_fdiv
                0x08000a74                __divsf3
 .text          0x08000bac       0xec D:/Program Files/STM32CubeCLT_1.17.0/GNU-tools-for-STM32/bin/../lib/gcc/arm-none-eabi/12.3.1/thumb/v7e-m/nofp\libgcc.a(_arm_cmpsf2.o)
                0x08000bac                __gesf2
                0x08000bac                __gtsf2
                0x08000bb4                __lesf2
                0x08000bb4                __ltsf2
                0x08000bbc                __nesf2
                0x08000bbc                __eqsf2
                0x08000bbc                __cmpsf2
                0x08000c1c                __aeabi_cfrcmple
                0x08000c24                __aeabi_cfcmpeq
                0x08000c24                __aeabi_cfcmple
                0x08000c34                __aeabi_fcmpeq
                0x08000c48                __aeabi_fcmplt
                0x08000c5c                __aeabi_fcmple
                0x08000c70                __aeabi_fcmpge
                0x08000c84                __aeabi_fcmpgt
 .text          0x08000c98       0x30 D:/Program Files/STM32CubeCLT_1.17.0/GNU-tools-for-STM32/bin/../lib/gcc/arm-none-eabi/12.3.1/thumb/v7e-m/nofp\libgcc.a(_aeabi_uldivmod.o)
                0x08000c98                __aeabi_uldivmod
 .text          0x08000cc8      0x2bc D:/Program Files/STM32CubeCLT_1.17.0/GNU-tools-for-STM32/bin/../lib/gcc/arm-none-eabi/12.3.1/thumb/v7e-m/nofp\libgcc.a(_udivmoddi4.o)
                0x08000cc8                __udivmoddi4
 .text          0x08000f84        0x4 D:/Program Files/STM32CubeCLT_1.17.0/GNU-tools-for-STM32/bin/../lib/gcc/arm-none-eabi/12.3.1/thumb/v7e-m/nofp\libgcc.a(_dvmd_tls.o)
                0x08000f84                __aeabi_idiv0
                0x08000f84                __aeabi_ldiv0
 *(.text*)
 .text.can_filter_init
                0x08000f88       0x3c CMakeFiles/6axis-arm-pr.elf.dir/Core/Src/Communications.c.obj
                0x08000f88                can_filter_init
 .text.DM_SpeedPosition_cmd
                0x08000fc4       0x58 CMakeFiles/6axis-arm-pr.elf.dir/Core/Src/Communications.c.obj
                0x08000fc4                DM_SpeedPosition_cmd
 .text.DM_Enable
                0x0800101c       0x44 CMakeFiles/6axis-arm-pr.elf.dir/Core/Src/Communications.c.obj
                0x0800101c                DM_Enable
 .text.DM_Disable
                0x08001060       0x44 CMakeFiles/6axis-arm-pr.elf.dir/Core/Src/Communications.c.obj
                0x08001060                DM_Disable
 .text.decode_motor_measure
                0x080010a4       0x24 CMakeFiles/6axis-arm-pr.elf.dir/Core/Src/Communications.c.obj
                0x080010a4                decode_motor_measure
 .text.uint_to_float
                0x080010c8       0x38 CMakeFiles/6axis-arm-pr.elf.dir/Core/Src/Communications.c.obj
                0x080010c8                uint_to_float
 .text.decode_motor_measure_DM
                0x08001100       0x74 CMakeFiles/6axis-arm-pr.elf.dir/Core/Src/Communications.c.obj
                0x08001100                decode_motor_measure_DM
 .text.HAL_CAN_RxFifo0MsgPendingCallback
                0x08001174       0xdc CMakeFiles/6axis-arm-pr.elf.dir/Core/Src/Communications.c.obj
                0x08001174                HAL_CAN_RxFifo0MsgPendingCallback
 .text.MX_CAN1_Init
                0x08001250       0x40 CMakeFiles/6axis-arm-pr.elf.dir/Core/Src/can.c.obj
                0x08001250                MX_CAN1_Init
 .text.MX_CAN2_Init
                0x08001290       0x40 CMakeFiles/6axis-arm-pr.elf.dir/Core/Src/can.c.obj
                0x08001290                MX_CAN2_Init
 .text.HAL_CAN_MspInit
                0x080012d0      0x120 CMakeFiles/6axis-arm-pr.elf.dir/Core/Src/can.c.obj
                0x080012d0                HAL_CAN_MspInit
 .text.MX_DMA_Init
                0x080013f0       0x34 CMakeFiles/6axis-arm-pr.elf.dir/Core/Src/dma.c.obj
                0x080013f0                MX_DMA_Init
 .text.MX_GPIO_Init
                0x08001424       0x9c CMakeFiles/6axis-arm-pr.elf.dir/Core/Src/gpio.c.obj
                0x08001424                MX_GPIO_Init
 .text.Error_Handler
                0x080014c0        0x4 CMakeFiles/6axis-arm-pr.elf.dir/Core/Src/main.c.obj
                0x080014c0                Error_Handler
 .text.SystemClock_Config
                0x080014c4       0xa4 CMakeFiles/6axis-arm-pr.elf.dir/Core/Src/main.c.obj
                0x080014c4                SystemClock_Config
 .text.main     0x08001568      0x478 CMakeFiles/6axis-arm-pr.elf.dir/Core/Src/main.c.obj
                0x08001568                main
 .text.RC_Processing_Data
                0x080019e0       0xa4 CMakeFiles/6axis-arm-pr.elf.dir/Core/Src/remote.c.obj
                0x080019e0                RC_Processing_Data
 .text.HAL_UART_RxCpltCallback
                0x08001a84       0x18 CMakeFiles/6axis-arm-pr.elf.dir/Core/Src/remote.c.obj
                0x08001a84                HAL_UART_RxCpltCallback
 .text.HAL_MspInit
                0x08001a9c       0x38 CMakeFiles/6axis-arm-pr.elf.dir/Core/Src/stm32f4xx_hal_msp.c.obj
                0x08001a9c                HAL_MspInit
 .text.NMI_Handler
                0x08001ad4        0x2 CMakeFiles/6axis-arm-pr.elf.dir/Core/Src/stm32f4xx_it.c.obj
                0x08001ad4                NMI_Handler
 .text.HardFault_Handler
                0x08001ad6        0x2 CMakeFiles/6axis-arm-pr.elf.dir/Core/Src/stm32f4xx_it.c.obj
                0x08001ad6                HardFault_Handler
 .text.MemManage_Handler
                0x08001ad8        0x2 CMakeFiles/6axis-arm-pr.elf.dir/Core/Src/stm32f4xx_it.c.obj
                0x08001ad8                MemManage_Handler
 .text.BusFault_Handler
                0x08001ada        0x2 CMakeFiles/6axis-arm-pr.elf.dir/Core/Src/stm32f4xx_it.c.obj
                0x08001ada                BusFault_Handler
 .text.UsageFault_Handler
                0x08001adc        0x2 CMakeFiles/6axis-arm-pr.elf.dir/Core/Src/stm32f4xx_it.c.obj
                0x08001adc                UsageFault_Handler
 .text.SVC_Handler
                0x08001ade        0x2 CMakeFiles/6axis-arm-pr.elf.dir/Core/Src/stm32f4xx_it.c.obj
                0x08001ade                SVC_Handler
 .text.DebugMon_Handler
                0x08001ae0        0x2 CMakeFiles/6axis-arm-pr.elf.dir/Core/Src/stm32f4xx_it.c.obj
                0x08001ae0                DebugMon_Handler
 .text.PendSV_Handler
                0x08001ae2        0x2 CMakeFiles/6axis-arm-pr.elf.dir/Core/Src/stm32f4xx_it.c.obj
                0x08001ae2                PendSV_Handler
 .text.SysTick_Handler
                0x08001ae4        0x8 CMakeFiles/6axis-arm-pr.elf.dir/Core/Src/stm32f4xx_it.c.obj
                0x08001ae4                SysTick_Handler
 .text.DMA1_Stream1_IRQHandler
                0x08001aec       0x14 CMakeFiles/6axis-arm-pr.elf.dir/Core/Src/stm32f4xx_it.c.obj
                0x08001aec                DMA1_Stream1_IRQHandler
 .text.CAN1_RX0_IRQHandler
                0x08001b00       0x10 CMakeFiles/6axis-arm-pr.elf.dir/Core/Src/stm32f4xx_it.c.obj
                0x08001b00                CAN1_RX0_IRQHandler
 .text.CAN2_RX0_IRQHandler
                0x08001b10       0x10 CMakeFiles/6axis-arm-pr.elf.dir/Core/Src/stm32f4xx_it.c.obj
                0x08001b10                CAN2_RX0_IRQHandler
 .text.SystemInit
                0x08001b20        0x2 CMakeFiles/6axis-arm-pr.elf.dir/Core/Src/system_stm32f4xx.c.obj
                0x08001b20                SystemInit
 *fill*         0x08001b22        0x2 
 .text.HAL_TIM_PWM_MspInit
                0x08001b24       0x30 CMakeFiles/6axis-arm-pr.elf.dir/Core/Src/tim.c.obj
                0x08001b24                HAL_TIM_PWM_MspInit
 .text.HAL_TIM_OC_MspInit
                0x08001b54       0x30 CMakeFiles/6axis-arm-pr.elf.dir/Core/Src/tim.c.obj
                0x08001b54                HAL_TIM_OC_MspInit
 .text.HAL_TIM_MspPostInit
                0x08001b84       0xc0 CMakeFiles/6axis-arm-pr.elf.dir/Core/Src/tim.c.obj
                0x08001b84                HAL_TIM_MspPostInit
 .text.MX_TIM1_Init
                0x08001c44       0xf4 CMakeFiles/6axis-arm-pr.elf.dir/Core/Src/tim.c.obj
                0x08001c44                MX_TIM1_Init
 .text.MX_TIM8_Init
                0x08001d38       0xdc CMakeFiles/6axis-arm-pr.elf.dir/Core/Src/tim.c.obj
                0x08001d38                MX_TIM8_Init
 .text.MX_USART3_UART_Init
                0x08001e14       0x38 CMakeFiles/6axis-arm-pr.elf.dir/Core/Src/usart.c.obj
                0x08001e14                MX_USART3_UART_Init
 .text.HAL_UART_MspInit
                0x08001e4c       0xb4 CMakeFiles/6axis-arm-pr.elf.dir/Core/Src/usart.c.obj
                0x08001e4c                HAL_UART_MspInit
 .text.Reset_Handler
                0x08001f00       0x50 CMakeFiles/6axis-arm-pr.elf.dir/Core/Startup/startup_stm32f407ighx.s.obj
                0x08001f00                Reset_Handler
 .text.Default_Handler
                0x08001f50        0x2 CMakeFiles/6axis-arm-pr.elf.dir/Core/Startup/startup_stm32f407ighx.s.obj
                0x08001f50                RTC_Alarm_IRQHandler
                0x08001f50                HASH_RNG_IRQHandler
                0x08001f50                EXTI2_IRQHandler
                0x08001f50                TIM8_CC_IRQHandler
                0x08001f50                TIM1_CC_IRQHandler
                0x08001f50                DMA2_Stream5_IRQHandler
                0x08001f50                DMA1_Stream5_IRQHandler
                0x08001f50                PVD_IRQHandler
                0x08001f50                SDIO_IRQHandler
                0x08001f50                TAMP_STAMP_IRQHandler
                0x08001f50                CAN2_RX1_IRQHandler
                0x08001f50                EXTI3_IRQHandler
                0x08001f50                TIM8_TRG_COM_TIM14_IRQHandler
                0x08001f50                TIM1_UP_TIM10_IRQHandler
                0x08001f50                TIM8_UP_TIM13_IRQHandler
                0x08001f50                I2C3_ER_IRQHandler
                0x08001f50                EXTI0_IRQHandler
                0x08001f50                I2C2_EV_IRQHandler
                0x08001f50                DMA1_Stream2_IRQHandler
                0x08001f50                FPU_IRQHandler
                0x08001f50                OTG_HS_WKUP_IRQHandler
                0x08001f50                CAN2_SCE_IRQHandler
                0x08001f50                DMA2_Stream2_IRQHandler
                0x08001f50                SPI1_IRQHandler
                0x08001f50                TIM6_DAC_IRQHandler
                0x08001f50                TIM1_BRK_TIM9_IRQHandler
                0x08001f50                DCMI_IRQHandler
                0x08001f50                DMA2_Stream3_IRQHandler
                0x08001f50                USART6_IRQHandler
                0x08001f50                USART3_IRQHandler
                0x08001f50                CAN1_RX1_IRQHandler
                0x08001f50                UART5_IRQHandler
                0x08001f50                DMA2_Stream0_IRQHandler
                0x08001f50                TIM4_IRQHandler
                0x08001f50                I2C1_EV_IRQHandler
                0x08001f50                DMA1_Stream6_IRQHandler
                0x08001f50                UART4_IRQHandler
                0x08001f50                TIM3_IRQHandler
                0x08001f50                RCC_IRQHandler
                0x08001f50                TIM8_BRK_TIM12_IRQHandler
                0x08001f50                Default_Handler
                0x08001f50                EXTI15_10_IRQHandler
                0x08001f50                ADC_IRQHandler
                0x08001f50                DMA1_Stream7_IRQHandler
                0x08001f50                TIM7_IRQHandler
                0x08001f50                CAN2_TX_IRQHandler
                0x08001f50                TIM5_IRQHandler
                0x08001f50                DMA2_Stream7_IRQHandler
                0x08001f50                I2C3_EV_IRQHandler
                0x08001f50                EXTI9_5_IRQHandler
                0x08001f50                RTC_WKUP_IRQHandler
                0x08001f50                ETH_WKUP_IRQHandler
                0x08001f50                SPI2_IRQHandler
                0x08001f50                OTG_HS_EP1_IN_IRQHandler
                0x08001f50                DMA1_Stream0_IRQHandler
                0x08001f50                CAN1_TX_IRQHandler
                0x08001f50                EXTI4_IRQHandler
                0x08001f50                FSMC_IRQHandler
                0x08001f50                ETH_IRQHandler
                0x08001f50                OTG_HS_EP1_OUT_IRQHandler
                0x08001f50                WWDG_IRQHandler
                0x08001f50                TIM2_IRQHandler
                0x08001f50                OTG_FS_WKUP_IRQHandler
                0x08001f50                TIM1_TRG_COM_TIM11_IRQHandler
                0x08001f50                OTG_HS_IRQHandler
                0x08001f50                EXTI1_IRQHandler
                0x08001f50                USART2_IRQHandler
                0x08001f50                I2C2_ER_IRQHandler
                0x08001f50                DMA2_Stream1_IRQHandler
                0x08001f50                CAN1_SCE_IRQHandler
                0x08001f50                FLASH_IRQHandler
                0x08001f50                DMA2_Stream4_IRQHandler
                0x08001f50                USART1_IRQHandler
                0x08001f50                OTG_FS_IRQHandler
                0x08001f50                SPI3_IRQHandler
                0x08001f50                DMA1_Stream4_IRQHandler
                0x08001f50                I2C1_ER_IRQHandler
                0x08001f50                DMA2_Stream6_IRQHandler
                0x08001f50                DMA1_Stream3_IRQHandler
 *fill*         0x08001f52        0x2 
 .text.HAL_InitTick
                0x08001f54       0x4c CMakeFiles/6axis-arm-pr.elf.dir/Drivers/STM32F4xx_HAL_Driver/Src/stm32f4xx_hal.c.obj
                0x08001f54                HAL_InitTick
 .text.HAL_Init
                0x08001fa0       0x34 CMakeFiles/6axis-arm-pr.elf.dir/Drivers/STM32F4xx_HAL_Driver/Src/stm32f4xx_hal.c.obj
                0x08001fa0                HAL_Init
 .text.HAL_IncTick
                0x08001fd4       0x18 CMakeFiles/6axis-arm-pr.elf.dir/Drivers/STM32F4xx_HAL_Driver/Src/stm32f4xx_hal.c.obj
                0x08001fd4                HAL_IncTick
 .text.HAL_GetTick
                0x08001fec        0xc CMakeFiles/6axis-arm-pr.elf.dir/Drivers/STM32F4xx_HAL_Driver/Src/stm32f4xx_hal.c.obj
                0x08001fec                HAL_GetTick
 .text.HAL_Delay
                0x08001ff8       0x28 CMakeFiles/6axis-arm-pr.elf.dir/Drivers/STM32F4xx_HAL_Driver/Src/stm32f4xx_hal.c.obj
                0x08001ff8                HAL_Delay
 .text.HAL_CAN_Init
                0x08002020      0x14c CMakeFiles/6axis-arm-pr.elf.dir/Drivers/STM32F4xx_HAL_Driver/Src/stm32f4xx_hal_can.c.obj
                0x08002020                HAL_CAN_Init
 .text.HAL_CAN_ConfigFilter
                0x0800216c      0x13c CMakeFiles/6axis-arm-pr.elf.dir/Drivers/STM32F4xx_HAL_Driver/Src/stm32f4xx_hal_can.c.obj
                0x0800216c                HAL_CAN_ConfigFilter
 .text.HAL_CAN_Start
                0x080022a8       0x5c CMakeFiles/6axis-arm-pr.elf.dir/Drivers/STM32F4xx_HAL_Driver/Src/stm32f4xx_hal_can.c.obj
                0x080022a8                HAL_CAN_Start
 .text.HAL_CAN_AddTxMessage
                0x08002304       0xea CMakeFiles/6axis-arm-pr.elf.dir/Drivers/STM32F4xx_HAL_Driver/Src/stm32f4xx_hal_can.c.obj
                0x08002304                HAL_CAN_AddTxMessage
 .text.HAL_CAN_GetRxMessage
                0x080023ee      0x16a CMakeFiles/6axis-arm-pr.elf.dir/Drivers/STM32F4xx_HAL_Driver/Src/stm32f4xx_hal_can.c.obj
                0x080023ee                HAL_CAN_GetRxMessage
 .text.HAL_CAN_ActivateNotification
                0x08002558       0x24 CMakeFiles/6axis-arm-pr.elf.dir/Drivers/STM32F4xx_HAL_Driver/Src/stm32f4xx_hal_can.c.obj
                0x08002558                HAL_CAN_ActivateNotification
 .text.HAL_CAN_TxMailbox0CompleteCallback
                0x0800257c        0x2 CMakeFiles/6axis-arm-pr.elf.dir/Drivers/STM32F4xx_HAL_Driver/Src/stm32f4xx_hal_can.c.obj
                0x0800257c                HAL_CAN_TxMailbox0CompleteCallback
 .text.HAL_CAN_TxMailbox1CompleteCallback
                0x0800257e        0x2 CMakeFiles/6axis-arm-pr.elf.dir/Drivers/STM32F4xx_HAL_Driver/Src/stm32f4xx_hal_can.c.obj
                0x0800257e                HAL_CAN_TxMailbox1CompleteCallback
 .text.HAL_CAN_TxMailbox2CompleteCallback
                0x08002580        0x2 CMakeFiles/6axis-arm-pr.elf.dir/Drivers/STM32F4xx_HAL_Driver/Src/stm32f4xx_hal_can.c.obj
                0x08002580                HAL_CAN_TxMailbox2CompleteCallback
 .text.HAL_CAN_TxMailbox0AbortCallback
                0x08002582        0x2 CMakeFiles/6axis-arm-pr.elf.dir/Drivers/STM32F4xx_HAL_Driver/Src/stm32f4xx_hal_can.c.obj
                0x08002582                HAL_CAN_TxMailbox0AbortCallback
 .text.HAL_CAN_TxMailbox1AbortCallback
                0x08002584        0x2 CMakeFiles/6axis-arm-pr.elf.dir/Drivers/STM32F4xx_HAL_Driver/Src/stm32f4xx_hal_can.c.obj
                0x08002584                HAL_CAN_TxMailbox1AbortCallback
 .text.HAL_CAN_TxMailbox2AbortCallback
                0x08002586        0x2 CMakeFiles/6axis-arm-pr.elf.dir/Drivers/STM32F4xx_HAL_Driver/Src/stm32f4xx_hal_can.c.obj
                0x08002586                HAL_CAN_TxMailbox2AbortCallback
 .text.HAL_CAN_RxFifo0FullCallback
                0x08002588        0x2 CMakeFiles/6axis-arm-pr.elf.dir/Drivers/STM32F4xx_HAL_Driver/Src/stm32f4xx_hal_can.c.obj
                0x08002588                HAL_CAN_RxFifo0FullCallback
 .text.HAL_CAN_RxFifo1MsgPendingCallback
                0x0800258a        0x2 CMakeFiles/6axis-arm-pr.elf.dir/Drivers/STM32F4xx_HAL_Driver/Src/stm32f4xx_hal_can.c.obj
                0x0800258a                HAL_CAN_RxFifo1MsgPendingCallback
 .text.HAL_CAN_RxFifo1FullCallback
                0x0800258c        0x2 CMakeFiles/6axis-arm-pr.elf.dir/Drivers/STM32F4xx_HAL_Driver/Src/stm32f4xx_hal_can.c.obj
                0x0800258c                HAL_CAN_RxFifo1FullCallback
 .text.HAL_CAN_SleepCallback
                0x0800258e        0x2 CMakeFiles/6axis-arm-pr.elf.dir/Drivers/STM32F4xx_HAL_Driver/Src/stm32f4xx_hal_can.c.obj
                0x0800258e                HAL_CAN_SleepCallback
 .text.HAL_CAN_WakeUpFromRxMsgCallback
                0x08002590        0x2 CMakeFiles/6axis-arm-pr.elf.dir/Drivers/STM32F4xx_HAL_Driver/Src/stm32f4xx_hal_can.c.obj
                0x08002590                HAL_CAN_WakeUpFromRxMsgCallback
 .text.HAL_CAN_ErrorCallback
                0x08002592        0x2 CMakeFiles/6axis-arm-pr.elf.dir/Drivers/STM32F4xx_HAL_Driver/Src/stm32f4xx_hal_can.c.obj
                0x08002592                HAL_CAN_ErrorCallback
 .text.HAL_CAN_IRQHandler
                0x08002594      0x24a CMakeFiles/6axis-arm-pr.elf.dir/Drivers/STM32F4xx_HAL_Driver/Src/stm32f4xx_hal_can.c.obj
                0x08002594                HAL_CAN_IRQHandler
 *fill*         0x080027de        0x2 
 .text.__NVIC_EnableIRQ
                0x080027e0       0x1c CMakeFiles/6axis-arm-pr.elf.dir/Drivers/STM32F4xx_HAL_Driver/Src/stm32f4xx_hal_cortex.c.obj
 .text.__NVIC_SetPriority
                0x080027fc       0x28 CMakeFiles/6axis-arm-pr.elf.dir/Drivers/STM32F4xx_HAL_Driver/Src/stm32f4xx_hal_cortex.c.obj
 .text.NVIC_EncodePriority
                0x08002824       0x3e CMakeFiles/6axis-arm-pr.elf.dir/Drivers/STM32F4xx_HAL_Driver/Src/stm32f4xx_hal_cortex.c.obj
 *fill*         0x08002862        0x2 
 .text.HAL_NVIC_SetPriorityGrouping
                0x08002864       0x24 CMakeFiles/6axis-arm-pr.elf.dir/Drivers/STM32F4xx_HAL_Driver/Src/stm32f4xx_hal_cortex.c.obj
                0x08002864                HAL_NVIC_SetPriorityGrouping
 .text.HAL_NVIC_SetPriority
                0x08002888       0x20 CMakeFiles/6axis-arm-pr.elf.dir/Drivers/STM32F4xx_HAL_Driver/Src/stm32f4xx_hal_cortex.c.obj
                0x08002888                HAL_NVIC_SetPriority
 .text.HAL_NVIC_EnableIRQ
                0x080028a8        0x8 CMakeFiles/6axis-arm-pr.elf.dir/Drivers/STM32F4xx_HAL_Driver/Src/stm32f4xx_hal_cortex.c.obj
                0x080028a8                HAL_NVIC_EnableIRQ
 .text.HAL_SYSTICK_Config
                0x080028b0       0x28 CMakeFiles/6axis-arm-pr.elf.dir/Drivers/STM32F4xx_HAL_Driver/Src/stm32f4xx_hal_cortex.c.obj
                0x080028b0                HAL_SYSTICK_Config
 .text.DMA_SetConfig
                0x080028d8       0x2c CMakeFiles/6axis-arm-pr.elf.dir/Drivers/STM32F4xx_HAL_Driver/Src/stm32f4xx_hal_dma.c.obj
 .text.DMA_CalcBaseAndBitshift
                0x08002904       0x40 CMakeFiles/6axis-arm-pr.elf.dir/Drivers/STM32F4xx_HAL_Driver/Src/stm32f4xx_hal_dma.c.obj
 .text.DMA_CheckFifoParam
                0x08002944       0x8e CMakeFiles/6axis-arm-pr.elf.dir/Drivers/STM32F4xx_HAL_Driver/Src/stm32f4xx_hal_dma.c.obj
 *fill*         0x080029d2        0x2 
 .text.HAL_DMA_Init
                0x080029d4       0xcc CMakeFiles/6axis-arm-pr.elf.dir/Drivers/STM32F4xx_HAL_Driver/Src/stm32f4xx_hal_dma.c.obj
                0x080029d4                HAL_DMA_Init
 .text.HAL_DMA_Start_IT
                0x08002aa0       0x6a CMakeFiles/6axis-arm-pr.elf.dir/Drivers/STM32F4xx_HAL_Driver/Src/stm32f4xx_hal_dma.c.obj
                0x08002aa0                HAL_DMA_Start_IT
 *fill*         0x08002b0a        0x2 
 .text.HAL_DMA_IRQHandler
                0x08002b0c      0x1dc CMakeFiles/6axis-arm-pr.elf.dir/Drivers/STM32F4xx_HAL_Driver/Src/stm32f4xx_hal_dma.c.obj
                0x08002b0c                HAL_DMA_IRQHandler
 .text.HAL_GPIO_Init
                0x08002ce8      0x1f4 CMakeFiles/6axis-arm-pr.elf.dir/Drivers/STM32F4xx_HAL_Driver/Src/stm32f4xx_hal_gpio.c.obj
                0x08002ce8                HAL_GPIO_Init
 .text.HAL_RCC_OscConfig
                0x08002edc      0x3f8 CMakeFiles/6axis-arm-pr.elf.dir/Drivers/STM32F4xx_HAL_Driver/Src/stm32f4xx_hal_rcc.c.obj
                0x08002edc                HAL_RCC_OscConfig
 .text.HAL_RCC_GetSysClockFreq
                0x080032d4       0xa8 CMakeFiles/6axis-arm-pr.elf.dir/Drivers/STM32F4xx_HAL_Driver/Src/stm32f4xx_hal_rcc.c.obj
                0x080032d4                HAL_RCC_GetSysClockFreq
 .text.HAL_RCC_ClockConfig
                0x0800337c      0x160 CMakeFiles/6axis-arm-pr.elf.dir/Drivers/STM32F4xx_HAL_Driver/Src/stm32f4xx_hal_rcc.c.obj
                0x0800337c                HAL_RCC_ClockConfig
 .text.HAL_RCC_GetHCLKFreq
                0x080034dc        0xc CMakeFiles/6axis-arm-pr.elf.dir/Drivers/STM32F4xx_HAL_Driver/Src/stm32f4xx_hal_rcc.c.obj
                0x080034dc                HAL_RCC_GetHCLKFreq
 .text.HAL_RCC_GetPCLK1Freq
                0x080034e8       0x20 CMakeFiles/6axis-arm-pr.elf.dir/Drivers/STM32F4xx_HAL_Driver/Src/stm32f4xx_hal_rcc.c.obj
                0x080034e8                HAL_RCC_GetPCLK1Freq
 .text.HAL_RCC_GetPCLK2Freq
                0x08003508       0x20 CMakeFiles/6axis-arm-pr.elf.dir/Drivers/STM32F4xx_HAL_Driver/Src/stm32f4xx_hal_rcc.c.obj
                0x08003508                HAL_RCC_GetPCLK2Freq
 .text.TIM_OC1_SetConfig
                0x08003528       0x70 CMakeFiles/6axis-arm-pr.elf.dir/Drivers/STM32F4xx_HAL_Driver/Src/stm32f4xx_hal_tim.c.obj
 .text.TIM_OC3_SetConfig
                0x08003598       0x70 CMakeFiles/6axis-arm-pr.elf.dir/Drivers/STM32F4xx_HAL_Driver/Src/stm32f4xx_hal_tim.c.obj
 .text.TIM_OC4_SetConfig
                0x08003608       0x50 CMakeFiles/6axis-arm-pr.elf.dir/Drivers/STM32F4xx_HAL_Driver/Src/stm32f4xx_hal_tim.c.obj
 .text.TIM_Base_SetConfig
                0x08003658       0xd8 CMakeFiles/6axis-arm-pr.elf.dir/Drivers/STM32F4xx_HAL_Driver/Src/stm32f4xx_hal_tim.c.obj
                0x08003658                TIM_Base_SetConfig
 .text.HAL_TIM_OC_Init
                0x08003730       0x58 CMakeFiles/6axis-arm-pr.elf.dir/Drivers/STM32F4xx_HAL_Driver/Src/stm32f4xx_hal_tim.c.obj
                0x08003730                HAL_TIM_OC_Init
 .text.HAL_TIM_PWM_Init
                0x08003788       0x58 CMakeFiles/6axis-arm-pr.elf.dir/Drivers/STM32F4xx_HAL_Driver/Src/stm32f4xx_hal_tim.c.obj
                0x08003788                HAL_TIM_PWM_Init
 .text.TIM_OC2_SetConfig
                0x080037e0       0x70 CMakeFiles/6axis-arm-pr.elf.dir/Drivers/STM32F4xx_HAL_Driver/Src/stm32f4xx_hal_tim.c.obj
                0x080037e0                TIM_OC2_SetConfig
 .text.HAL_TIM_OC_ConfigChannel
                0x08003850       0x5e CMakeFiles/6axis-arm-pr.elf.dir/Drivers/STM32F4xx_HAL_Driver/Src/stm32f4xx_hal_tim.c.obj
                0x08003850                HAL_TIM_OC_ConfigChannel
 .text.HAL_TIM_PWM_ConfigChannel
                0x080038ae       0xdc CMakeFiles/6axis-arm-pr.elf.dir/Drivers/STM32F4xx_HAL_Driver/Src/stm32f4xx_hal_tim.c.obj
                0x080038ae                HAL_TIM_PWM_ConfigChannel
 *fill*         0x0800398a        0x2 
 .text.HAL_TIMEx_MasterConfigSynchronization
                0x0800398c       0x8c CMakeFiles/6axis-arm-pr.elf.dir/Drivers/STM32F4xx_HAL_Driver/Src/stm32f4xx_hal_tim_ex.c.obj
                0x0800398c                HAL_TIMEx_MasterConfigSynchronization
 .text.HAL_TIMEx_ConfigBreakDeadTime
                0x08003a18       0x52 CMakeFiles/6axis-arm-pr.elf.dir/Drivers/STM32F4xx_HAL_Driver/Src/stm32f4xx_hal_tim_ex.c.obj
                0x08003a18                HAL_TIMEx_ConfigBreakDeadTime
 .text.UART_EndTxTransfer
                0x08003a6a       0x20 CMakeFiles/6axis-arm-pr.elf.dir/Drivers/STM32F4xx_HAL_Driver/Src/stm32f4xx_hal_uart.c.obj
 .text.UART_EndRxTransfer
                0x08003a8a       0x5c CMakeFiles/6axis-arm-pr.elf.dir/Drivers/STM32F4xx_HAL_Driver/Src/stm32f4xx_hal_uart.c.obj
 *fill*         0x08003ae6        0x2 
 .text.UART_SetConfig
                0x08003ae8      0x110 CMakeFiles/6axis-arm-pr.elf.dir/Drivers/STM32F4xx_HAL_Driver/Src/stm32f4xx_hal_uart.c.obj
 .text.HAL_UART_Init
                0x08003bf8       0x60 CMakeFiles/6axis-arm-pr.elf.dir/Drivers/STM32F4xx_HAL_Driver/Src/stm32f4xx_hal_uart.c.obj
                0x08003bf8                HAL_UART_Init
 .text.HAL_UART_RxHalfCpltCallback
                0x08003c58        0x2 CMakeFiles/6axis-arm-pr.elf.dir/Drivers/STM32F4xx_HAL_Driver/Src/stm32f4xx_hal_uart.c.obj
                0x08003c58                HAL_UART_RxHalfCpltCallback
 .text.HAL_UART_ErrorCallback
                0x08003c5a        0x2 CMakeFiles/6axis-arm-pr.elf.dir/Drivers/STM32F4xx_HAL_Driver/Src/stm32f4xx_hal_uart.c.obj
                0x08003c5a                HAL_UART_ErrorCallback
 .text.UART_DMAError
                0x08003c5c       0x58 CMakeFiles/6axis-arm-pr.elf.dir/Drivers/STM32F4xx_HAL_Driver/Src/stm32f4xx_hal_uart.c.obj
 .text.HAL_UARTEx_RxEventCallback
                0x08003cb4        0x2 CMakeFiles/6axis-arm-pr.elf.dir/Drivers/STM32F4xx_HAL_Driver/Src/stm32f4xx_hal_uart.c.obj
                0x08003cb4                HAL_UARTEx_RxEventCallback
 .text.UART_DMARxHalfCplt
                0x08003cb6       0x1e CMakeFiles/6axis-arm-pr.elf.dir/Drivers/STM32F4xx_HAL_Driver/Src/stm32f4xx_hal_uart.c.obj
 .text.UART_DMAReceiveCplt
                0x08003cd4       0x9a CMakeFiles/6axis-arm-pr.elf.dir/Drivers/STM32F4xx_HAL_Driver/Src/stm32f4xx_hal_uart.c.obj
 *fill*         0x08003d6e        0x2 
 .text.UART_Start_Receive_DMA
                0x08003d70       0xa4 CMakeFiles/6axis-arm-pr.elf.dir/Drivers/STM32F4xx_HAL_Driver/Src/stm32f4xx_hal_uart.c.obj
                0x08003d70                UART_Start_Receive_DMA
 .text.HAL_UART_Receive_DMA
                0x08003e14       0x26 CMakeFiles/6axis-arm-pr.elf.dir/Drivers/STM32F4xx_HAL_Driver/Src/stm32f4xx_hal_uart.c.obj
                0x08003e14                HAL_UART_Receive_DMA
 .text.memset   0x08003e3a       0x10 D:/Program Files/STM32CubeCLT_1.17.0/GNU-tools-for-STM32/bin/../lib/gcc/arm-none-eabi/12.3.1/../../../../arm-none-eabi/lib/thumb/v7e-m/nofp\libg.a(libc_a-memset.o)
                0x08003e3a                memset
 *fill*         0x08003e4a        0x2 
 .text.__libc_init_array
                0x08003e4c       0x48 D:/Program Files/STM32CubeCLT_1.17.0/GNU-tools-for-STM32/bin/../lib/gcc/arm-none-eabi/12.3.1/../../../../arm-none-eabi/lib/thumb/v7e-m/nofp\libg.a(libc_a-init.o)
                0x08003e4c                __libc_init_array
 .text.__retarget_lock_acquire_recursive
                0x08003e94        0x2 D:/Program Files/STM32CubeCLT_1.17.0/GNU-tools-for-STM32/bin/../lib/gcc/arm-none-eabi/12.3.1/../../../../arm-none-eabi/lib/thumb/v7e-m/nofp\libg.a(libc_a-lock.o)
                0x08003e94                __retarget_lock_acquire_recursive
 .text.__retarget_lock_release_recursive
                0x08003e96        0x2 D:/Program Files/STM32CubeCLT_1.17.0/GNU-tools-for-STM32/bin/../lib/gcc/arm-none-eabi/12.3.1/../../../../arm-none-eabi/lib/thumb/v7e-m/nofp\libg.a(libc_a-lock.o)
                0x08003e96                __retarget_lock_release_recursive
 .text.startup.register_fini
                0x08003e98       0x14 D:/Program Files/STM32CubeCLT_1.17.0/GNU-tools-for-STM32/bin/../lib/gcc/arm-none-eabi/12.3.1/../../../../arm-none-eabi/lib/thumb/v7e-m/nofp\libg.a(libc_a-__call_atexit.o)
 .text.atexit   0x08003eac        0xc D:/Program Files/STM32CubeCLT_1.17.0/GNU-tools-for-STM32/bin/../lib/gcc/arm-none-eabi/12.3.1/../../../../arm-none-eabi/lib/thumb/v7e-m/nofp\libg.a(libc_a-atexit.o)
                0x08003eac                atexit
 .text.__libc_fini_array
                0x08003eb8       0x28 D:/Program Files/STM32CubeCLT_1.17.0/GNU-tools-for-STM32/bin/../lib/gcc/arm-none-eabi/12.3.1/../../../../arm-none-eabi/lib/thumb/v7e-m/nofp\libg.a(libc_a-fini.o)
                0x08003eb8                __libc_fini_array
 .text.__register_exitproc
                0x08003ee0       0x80 D:/Program Files/STM32CubeCLT_1.17.0/GNU-tools-for-STM32/bin/../lib/gcc/arm-none-eabi/12.3.1/../../../../arm-none-eabi/lib/thumb/v7e-m/nofp\libg.a(libc_a-__atexit.o)
                0x08003ee0                __register_exitproc
 *(.glue_7)
 .glue_7        0x08003f60        0x0 linker stubs
 *(.glue_7t)
 .glue_7t       0x08003f60        0x0 linker stubs
 *(.eh_frame)
 .eh_frame      0x08003f60        0x0 D:/Program Files/STM32CubeCLT_1.17.0/GNU-tools-for-STM32/bin/../lib/gcc/arm-none-eabi/12.3.1/thumb/v7e-m/nofp/crtbegin.o
 *(.init)
 .init          0x08003f60        0x4 D:/Program Files/STM32CubeCLT_1.17.0/GNU-tools-for-STM32/bin/../lib/gcc/arm-none-eabi/12.3.1/thumb/v7e-m/nofp/crti.o
                0x08003f60                _init
 .init          0x08003f64        0x8 D:/Program Files/STM32CubeCLT_1.17.0/GNU-tools-for-STM32/bin/../lib/gcc/arm-none-eabi/12.3.1/thumb/v7e-m/nofp/crtn.o
 *(.fini)
 .fini          0x08003f6c        0x4 D:/Program Files/STM32CubeCLT_1.17.0/GNU-tools-for-STM32/bin/../lib/gcc/arm-none-eabi/12.3.1/thumb/v7e-m/nofp/crti.o
                0x08003f6c                _fini
 .fini          0x08003f70        0x8 D:/Program Files/STM32CubeCLT_1.17.0/GNU-tools-for-STM32/bin/../lib/gcc/arm-none-eabi/12.3.1/thumb/v7e-m/nofp/crtn.o
                0x08003f78                        . = ALIGN (0x4)
                0x08003f78                        _etext = .

.vfp11_veneer   0x08003f78        0x0
 .vfp11_veneer  0x08003f78        0x0 linker stubs

.v4_bx          0x08003f78        0x0
 .v4_bx         0x08003f78        0x0 linker stubs

.iplt           0x08003f78        0x0
 .iplt          0x08003f78        0x0 D:/Program Files/STM32CubeCLT_1.17.0/GNU-tools-for-STM32/bin/../lib/gcc/arm-none-eabi/12.3.1/thumb/v7e-m/nofp/crtbegin.o

.rodata         0x08003f78       0x20
                0x08003f78                        . = ALIGN (0x4)
 *(.rodata)
 *(.rodata*)
 .rodata.APBPrescTable
                0x08003f78        0x8 CMakeFiles/6axis-arm-pr.elf.dir/Core/Src/system_stm32f4xx.c.obj
                0x08003f78                APBPrescTable
 .rodata.AHBPrescTable
                0x08003f80       0x10 CMakeFiles/6axis-arm-pr.elf.dir/Core/Src/system_stm32f4xx.c.obj
                0x08003f80                AHBPrescTable
 .rodata.flagBitshiftOffset.0
                0x08003f90        0x8 CMakeFiles/6axis-arm-pr.elf.dir/Drivers/STM32F4xx_HAL_Driver/Src/stm32f4xx_hal_dma.c.obj
                0x08003f98                        . = ALIGN (0x4)

.ARM.extab      0x08003f98        0x0
                0x08003f98                        . = ALIGN (0x4)
 *(.ARM.extab* .gnu.linkonce.armextab.*)
                0x08003f98                        . = ALIGN (0x4)

.ARM            0x08003f98        0x8
                0x08003f98                        . = ALIGN (0x4)
                0x08003f98                        __exidx_start = .
 *(.ARM.exidx*)
 .ARM.exidx     0x08003f98        0x8 D:/Program Files/STM32CubeCLT_1.17.0/GNU-tools-for-STM32/bin/../lib/gcc/arm-none-eabi/12.3.1/thumb/v7e-m/nofp\libgcc.a(_udivmoddi4.o)
                0x08003fa0                        __exidx_end = .
                0x08003fa0                        . = ALIGN (0x4)

.preinit_array  0x08003fa0        0x0
                0x08003fa0                        . = ALIGN (0x4)
                0x08003fa0                        PROVIDE (__preinit_array_start = .)
 *(.preinit_array*)
                0x08003fa0                        PROVIDE (__preinit_array_end = .)
                0x08003fa0                        . = ALIGN (0x4)

.init_array     0x08003fa0        0x8
                0x08003fa0                        . = ALIGN (0x4)
                0x08003fa0                        PROVIDE (__init_array_start = .)
 *(SORT_BY_NAME(.init_array.*))
 .init_array.00000
                0x08003fa0        0x4 D:/Program Files/STM32CubeCLT_1.17.0/GNU-tools-for-STM32/bin/../lib/gcc/arm-none-eabi/12.3.1/../../../../arm-none-eabi/lib/thumb/v7e-m/nofp\libg.a(libc_a-__call_atexit.o)
 *(.init_array*)
 .init_array    0x08003fa4        0x4 D:/Program Files/STM32CubeCLT_1.17.0/GNU-tools-for-STM32/bin/../lib/gcc/arm-none-eabi/12.3.1/thumb/v7e-m/nofp/crtbegin.o
                0x08003fa8                        PROVIDE (__init_array_end = .)
                0x08003fa8                        . = ALIGN (0x4)

.fini_array     0x08003fa8        0x4
                0x08003fa8                        . = ALIGN (0x4)
                0x08003fa8                        PROVIDE (__fini_array_start = .)
 *(SORT_BY_NAME(.fini_array.*))
 *(.fini_array*)
 .fini_array    0x08003fa8        0x4 D:/Program Files/STM32CubeCLT_1.17.0/GNU-tools-for-STM32/bin/../lib/gcc/arm-none-eabi/12.3.1/thumb/v7e-m/nofp/crtbegin.o
                0x08003fac                        PROVIDE (__fini_array_end = .)
                0x08003fac                        . = ALIGN (0x4)
                0x08003fac                        _sidata = LOADADDR (.data)

.rel.dyn        0x08003fac        0x0
 .rel.iplt      0x08003fac        0x0 D:/Program Files/STM32CubeCLT_1.17.0/GNU-tools-for-STM32/bin/../lib/gcc/arm-none-eabi/12.3.1/thumb/v7e-m/nofp/crtbegin.o

.data           0x20000000       0x20 load address 0x08003fac
                0x20000000                        . = ALIGN (0x4)
                0x20000000                        _sdata = .
 *(.data)
 *(.data*)
 .data.Pos      0x20000000       0x10 CMakeFiles/6axis-arm-pr.elf.dir/Core/Src/main.c.obj
                0x20000000                Pos
 .data.SystemCoreClock
                0x20000010        0x4 CMakeFiles/6axis-arm-pr.elf.dir/Core/Src/system_stm32f4xx.c.obj
                0x20000010                SystemCoreClock
 .data.uwTickFreq
                0x20000014        0x1 CMakeFiles/6axis-arm-pr.elf.dir/Drivers/STM32F4xx_HAL_Driver/Src/stm32f4xx_hal.c.obj
                0x20000014                uwTickFreq
 *fill*         0x20000015        0x3 
 .data.uwTickPrio
                0x20000018        0x4 CMakeFiles/6axis-arm-pr.elf.dir/Drivers/STM32F4xx_HAL_Driver/Src/stm32f4xx_hal.c.obj
                0x20000018                uwTickPrio
 .data.__atexit_recursive_mutex
                0x2000001c        0x4 D:/Program Files/STM32CubeCLT_1.17.0/GNU-tools-for-STM32/bin/../lib/gcc/arm-none-eabi/12.3.1/../../../../arm-none-eabi/lib/thumb/v7e-m/nofp\libg.a(libc_a-__call_atexit.o)
                0x2000001c                __atexit_recursive_mutex
 *(.RamFunc)
 *(.RamFunc*)
                0x20000020                        . = ALIGN (0x4)
                0x20000020                        _edata = .
                0x08003fcc                        _siccmram = LOADADDR (.ccmram)

.igot.plt       0x20000020        0x0 load address 0x08003fcc
 .igot.plt      0x20000020        0x0 D:/Program Files/STM32CubeCLT_1.17.0/GNU-tools-for-STM32/bin/../lib/gcc/arm-none-eabi/12.3.1/thumb/v7e-m/nofp/crtbegin.o

.ccmram         0x10000000        0x0 load address 0x08003fcc
                0x10000000                        . = ALIGN (0x4)
                0x10000000                        _sccmram = .
 *(.ccmram)
 *(.ccmram*)
                0x10000000                        . = ALIGN (0x4)
                0x10000000                        _eccmram = .
                0x10000000                        . = ALIGN (0x4)

.bss            0x20000020      0x428
                0x20000020                        _sbss = .
                0x20000020                        __bss_start__ = _sbss
 *(.bss)
 .bss           0x20000020       0x1c D:/Program Files/STM32CubeCLT_1.17.0/GNU-tools-for-STM32/bin/../lib/gcc/arm-none-eabi/12.3.1/thumb/v7e-m/nofp/crtbegin.o
 *(.bss*)
 .bss.motor_tx_message
                0x2000003c       0x18 CMakeFiles/6axis-arm-pr.elf.dir/Core/Src/Communications.c.obj
                0x2000003c                motor_tx_message
 .bss.motor_can_send_data
                0x20000054        0x8 CMakeFiles/6axis-arm-pr.elf.dir/Core/Src/Communications.c.obj
                0x20000054                motor_can_send_data
 .bss.J4310_4   0x2000005c       0x1c CMakeFiles/6axis-arm-pr.elf.dir/Core/Src/Communications.c.obj
                0x2000005c                J4310_4
 .bss.J4310_3   0x20000078       0x1c CMakeFiles/6axis-arm-pr.elf.dir/Core/Src/Communications.c.obj
                0x20000078                J4310_3
 .bss.J4310_2   0x20000094       0x1c CMakeFiles/6axis-arm-pr.elf.dir/Core/Src/Communications.c.obj
                0x20000094                J4310_2
 .bss.J4310_1   0x200000b0       0x1c CMakeFiles/6axis-arm-pr.elf.dir/Core/Src/Communications.c.obj
                0x200000b0                J4310_1
 .bss.M3508_4   0x200000cc        0x8 CMakeFiles/6axis-arm-pr.elf.dir/Core/Src/Communications.c.obj
                0x200000cc                M3508_4
 .bss.M3508_3   0x200000d4        0x8 CMakeFiles/6axis-arm-pr.elf.dir/Core/Src/Communications.c.obj
                0x200000d4                M3508_3
 .bss.M3508_2   0x200000dc        0x8 CMakeFiles/6axis-arm-pr.elf.dir/Core/Src/Communications.c.obj
                0x200000dc                M3508_2
 .bss.M3508_1   0x200000e4        0x8 CMakeFiles/6axis-arm-pr.elf.dir/Core/Src/Communications.c.obj
                0x200000e4                M3508_1
 .bss.motor_6020
                0x200000ec        0x8 CMakeFiles/6axis-arm-pr.elf.dir/Core/Src/Communications.c.obj
                0x200000ec                motor_6020
 .bss.HAL_RCC_CAN1_CLK_ENABLED
                0x200000f4        0x4 CMakeFiles/6axis-arm-pr.elf.dir/Core/Src/can.c.obj
 .bss.hcan2     0x200000f8       0x28 CMakeFiles/6axis-arm-pr.elf.dir/Core/Src/can.c.obj
                0x200000f8                hcan2
 .bss.hcan1     0x20000120       0x28 CMakeFiles/6axis-arm-pr.elf.dir/Core/Src/can.c.obj
                0x20000120                hcan1
 .bss.RC_Data   0x20000148       0x12 CMakeFiles/6axis-arm-pr.elf.dir/Core/Src/remote.c.obj
                0x20000148                RC_Data
 *fill*         0x2000015a        0x2 
 .bss.RC        0x2000015c       0x16 CMakeFiles/6axis-arm-pr.elf.dir/Core/Src/remote.c.obj
                0x2000015c                RC
 *fill*         0x20000172        0x2 
 .bss.htim8     0x20000174       0x48 CMakeFiles/6axis-arm-pr.elf.dir/Core/Src/tim.c.obj
                0x20000174                htim8
 .bss.htim1     0x200001bc       0x48 CMakeFiles/6axis-arm-pr.elf.dir/Core/Src/tim.c.obj
                0x200001bc                htim1
 .bss.hdma_usart3_rx
                0x20000204       0x60 CMakeFiles/6axis-arm-pr.elf.dir/Core/Src/usart.c.obj
                0x20000204                hdma_usart3_rx
 .bss.huart3    0x20000264       0x48 CMakeFiles/6axis-arm-pr.elf.dir/Core/Src/usart.c.obj
                0x20000264                huart3
 .bss.uwTick    0x200002ac        0x4 CMakeFiles/6axis-arm-pr.elf.dir/Drivers/STM32F4xx_HAL_Driver/Src/stm32f4xx_hal.c.obj
                0x200002ac                uwTick
 .bss.__lock___atexit_recursive_mutex
                0x200002b0        0x1 D:/Program Files/STM32CubeCLT_1.17.0/GNU-tools-for-STM32/bin/../lib/gcc/arm-none-eabi/12.3.1/../../../../arm-none-eabi/lib/thumb/v7e-m/nofp\libg.a(libc_a-lock.o)
                0x200002b0                __lock___atexit_recursive_mutex
 *fill*         0x200002b1        0x3 
 .bss.__atexit  0x200002b4        0x4 D:/Program Files/STM32CubeCLT_1.17.0/GNU-tools-for-STM32/bin/../lib/gcc/arm-none-eabi/12.3.1/../../../../arm-none-eabi/lib/thumb/v7e-m/nofp\libg.a(libc_a-__call_atexit.o)
                0x200002b4                __atexit
 .bss.__atexit0
                0x200002b8      0x190 D:/Program Files/STM32CubeCLT_1.17.0/GNU-tools-for-STM32/bin/../lib/gcc/arm-none-eabi/12.3.1/../../../../arm-none-eabi/lib/thumb/v7e-m/nofp\libg.a(libc_a-__atexit.o)
                0x200002b8                __atexit0
 *(COMMON)
                0x20000448                        . = ALIGN (0x4)
                0x20000448                        _ebss = .
                0x20000448                        __bss_end__ = _ebss

._user_heap_stack
                0x20000448      0x600
                0x20000448                        . = ALIGN (0x8)
                [!provide]                        PROVIDE (end = .)
                0x20000448                        PROVIDE (_end = .)
                0x20000648                        . = (. + _Min_Heap_Size)
 *fill*         0x20000448      0x200 
                0x20000a48                        . = (. + _Min_Stack_Size)
 *fill*         0x20000648      0x400 
                0x20000a48                        . = ALIGN (0x8)

/DISCARD/
 libc.a(*)
 libm.a(*)
 libgcc.a(*)

.ARM.attributes
                0x00000000       0x2a
 *(.ARM.attributes)
 .ARM.attributes
                0x00000000       0x1e D:/Program Files/STM32CubeCLT_1.17.0/GNU-tools-for-STM32/bin/../lib/gcc/arm-none-eabi/12.3.1/thumb/v7e-m/nofp/crti.o
 .ARM.attributes
                0x0000001e       0x2e D:/Program Files/STM32CubeCLT_1.17.0/GNU-tools-for-STM32/bin/../lib/gcc/arm-none-eabi/12.3.1/thumb/v7e-m/nofp/crtbegin.o
 .ARM.attributes
                0x0000004c       0x2e CMakeFiles/6axis-arm-pr.elf.dir/Core/Src/Communications.c.obj
 .ARM.attributes
                0x0000007a       0x2e CMakeFiles/6axis-arm-pr.elf.dir/Core/Src/can.c.obj
 .ARM.attributes
                0x000000a8       0x2e CMakeFiles/6axis-arm-pr.elf.dir/Core/Src/dma.c.obj
 .ARM.attributes
                0x000000d6       0x2e CMakeFiles/6axis-arm-pr.elf.dir/Core/Src/gpio.c.obj
 .ARM.attributes
                0x00000104       0x2e CMakeFiles/6axis-arm-pr.elf.dir/Core/Src/main.c.obj
 .ARM.attributes
                0x00000132       0x2e CMakeFiles/6axis-arm-pr.elf.dir/Core/Src/remote.c.obj
 .ARM.attributes
                0x00000160       0x2e CMakeFiles/6axis-arm-pr.elf.dir/Core/Src/stm32f4xx_hal_msp.c.obj
 .ARM.attributes
                0x0000018e       0x2e CMakeFiles/6axis-arm-pr.elf.dir/Core/Src/stm32f4xx_it.c.obj
 .ARM.attributes
                0x000001bc       0x2e CMakeFiles/6axis-arm-pr.elf.dir/Core/Src/system_stm32f4xx.c.obj
 .ARM.attributes
                0x000001ea       0x2e CMakeFiles/6axis-arm-pr.elf.dir/Core/Src/tim.c.obj
 .ARM.attributes
                0x00000218       0x2e CMakeFiles/6axis-arm-pr.elf.dir/Core/Src/usart.c.obj
 .ARM.attributes
                0x00000246       0x21 CMakeFiles/6axis-arm-pr.elf.dir/Core/Startup/startup_stm32f407ighx.s.obj
 .ARM.attributes
                0x00000267       0x2e CMakeFiles/6axis-arm-pr.elf.dir/Drivers/STM32F4xx_HAL_Driver/Src/stm32f4xx_hal.c.obj
 .ARM.attributes
                0x00000295       0x2e CMakeFiles/6axis-arm-pr.elf.dir/Drivers/STM32F4xx_HAL_Driver/Src/stm32f4xx_hal_can.c.obj
 .ARM.attributes
                0x000002c3       0x2e CMakeFiles/6axis-arm-pr.elf.dir/Drivers/STM32F4xx_HAL_Driver/Src/stm32f4xx_hal_cortex.c.obj
 .ARM.attributes
                0x000002f1       0x2e CMakeFiles/6axis-arm-pr.elf.dir/Drivers/STM32F4xx_HAL_Driver/Src/stm32f4xx_hal_dma.c.obj
 .ARM.attributes
                0x0000031f       0x2e CMakeFiles/6axis-arm-pr.elf.dir/Drivers/STM32F4xx_HAL_Driver/Src/stm32f4xx_hal_gpio.c.obj
 .ARM.attributes
                0x0000034d       0x2e CMakeFiles/6axis-arm-pr.elf.dir/Drivers/STM32F4xx_HAL_Driver/Src/stm32f4xx_hal_rcc.c.obj
 .ARM.attributes
                0x0000037b       0x2e CMakeFiles/6axis-arm-pr.elf.dir/Drivers/STM32F4xx_HAL_Driver/Src/stm32f4xx_hal_tim.c.obj
 .ARM.attributes
                0x000003a9       0x2e CMakeFiles/6axis-arm-pr.elf.dir/Drivers/STM32F4xx_HAL_Driver/Src/stm32f4xx_hal_tim_ex.c.obj
 .ARM.attributes
                0x000003d7       0x2e CMakeFiles/6axis-arm-pr.elf.dir/Drivers/STM32F4xx_HAL_Driver/Src/stm32f4xx_hal_uart.c.obj
 .ARM.attributes
                0x00000405       0x1e D:/Program Files/STM32CubeCLT_1.17.0/GNU-tools-for-STM32/bin/../lib/gcc/arm-none-eabi/12.3.1/thumb/v7e-m/nofp\libgcc.a(_arm_addsubdf3.o)
 .ARM.attributes
                0x00000423       0x1e D:/Program Files/STM32CubeCLT_1.17.0/GNU-tools-for-STM32/bin/../lib/gcc/arm-none-eabi/12.3.1/thumb/v7e-m/nofp\libgcc.a(_arm_cmpdf2.o)
 .ARM.attributes
                0x00000441       0x1e D:/Program Files/STM32CubeCLT_1.17.0/GNU-tools-for-STM32/bin/../lib/gcc/arm-none-eabi/12.3.1/thumb/v7e-m/nofp\libgcc.a(_arm_truncdfsf2.o)
 .ARM.attributes
                0x0000045f       0x1e D:/Program Files/STM32CubeCLT_1.17.0/GNU-tools-for-STM32/bin/../lib/gcc/arm-none-eabi/12.3.1/thumb/v7e-m/nofp\libgcc.a(_arm_addsubsf3.o)
 .ARM.attributes
                0x0000047d       0x1e D:/Program Files/STM32CubeCLT_1.17.0/GNU-tools-for-STM32/bin/../lib/gcc/arm-none-eabi/12.3.1/thumb/v7e-m/nofp\libgcc.a(_arm_muldivsf3.o)
 .ARM.attributes
                0x0000049b       0x1e D:/Program Files/STM32CubeCLT_1.17.0/GNU-tools-for-STM32/bin/../lib/gcc/arm-none-eabi/12.3.1/thumb/v7e-m/nofp\libgcc.a(_arm_cmpsf2.o)
 .ARM.attributes
                0x000004b9       0x1e D:/Program Files/STM32CubeCLT_1.17.0/GNU-tools-for-STM32/bin/../lib/gcc/arm-none-eabi/12.3.1/thumb/v7e-m/nofp\libgcc.a(_aeabi_uldivmod.o)
 .ARM.attributes
                0x000004d7       0x2e D:/Program Files/STM32CubeCLT_1.17.0/GNU-tools-for-STM32/bin/../lib/gcc/arm-none-eabi/12.3.1/thumb/v7e-m/nofp\libgcc.a(_udivmoddi4.o)
 .ARM.attributes
                0x00000505       0x1e D:/Program Files/STM32CubeCLT_1.17.0/GNU-tools-for-STM32/bin/../lib/gcc/arm-none-eabi/12.3.1/thumb/v7e-m/nofp\libgcc.a(_dvmd_tls.o)
 .ARM.attributes
                0x00000523       0x2e D:/Program Files/STM32CubeCLT_1.17.0/GNU-tools-for-STM32/bin/../lib/gcc/arm-none-eabi/12.3.1/../../../../arm-none-eabi/lib/thumb/v7e-m/nofp\libg.a(libc_a-memset.o)
 .ARM.attributes
                0x00000551       0x2e D:/Program Files/STM32CubeCLT_1.17.0/GNU-tools-for-STM32/bin/../lib/gcc/arm-none-eabi/12.3.1/../../../../arm-none-eabi/lib/thumb/v7e-m/nofp\libg.a(libc_a-init.o)
 .ARM.attributes
                0x0000057f       0x2e D:/Program Files/STM32CubeCLT_1.17.0/GNU-tools-for-STM32/bin/../lib/gcc/arm-none-eabi/12.3.1/../../../../arm-none-eabi/lib/thumb/v7e-m/nofp\libg.a(libc_a-lock.o)
 .ARM.attributes
                0x000005ad       0x2e D:/Program Files/STM32CubeCLT_1.17.0/GNU-tools-for-STM32/bin/../lib/gcc/arm-none-eabi/12.3.1/../../../../arm-none-eabi/lib/thumb/v7e-m/nofp\libg.a(libc_a-__call_atexit.o)
 .ARM.attributes
                0x000005db       0x2e D:/Program Files/STM32CubeCLT_1.17.0/GNU-tools-for-STM32/bin/../lib/gcc/arm-none-eabi/12.3.1/../../../../arm-none-eabi/lib/thumb/v7e-m/nofp\libg.a(libc_a-atexit.o)
 .ARM.attributes
                0x00000609       0x2e D:/Program Files/STM32CubeCLT_1.17.0/GNU-tools-for-STM32/bin/../lib/gcc/arm-none-eabi/12.3.1/../../../../arm-none-eabi/lib/thumb/v7e-m/nofp\libg.a(libc_a-fini.o)
 .ARM.attributes
                0x00000637       0x2e D:/Program Files/STM32CubeCLT_1.17.0/GNU-tools-for-STM32/bin/../lib/gcc/arm-none-eabi/12.3.1/../../../../arm-none-eabi/lib/thumb/v7e-m/nofp\libg.a(libc_a-__atexit.o)
 .ARM.attributes
                0x00000665       0x1e D:/Program Files/STM32CubeCLT_1.17.0/GNU-tools-for-STM32/bin/../lib/gcc/arm-none-eabi/12.3.1/thumb/v7e-m/nofp/crtn.o
OUTPUT(6axis-arm-pr.elf elf32-littlearm)
LOAD linker stubs
LOAD D:/Program Files/STM32CubeCLT_1.17.0/GNU-tools-for-STM32/bin/../lib/gcc/arm-none-eabi/12.3.1/../../../../arm-none-eabi/lib/thumb/v7e-m/nofp\libc.a
LOAD D:/Program Files/STM32CubeCLT_1.17.0/GNU-tools-for-STM32/bin/../lib/gcc/arm-none-eabi/12.3.1/../../../../arm-none-eabi/lib/thumb/v7e-m/nofp\libm.a
LOAD D:/Program Files/STM32CubeCLT_1.17.0/GNU-tools-for-STM32/bin/../lib/gcc/arm-none-eabi/12.3.1/thumb/v7e-m/nofp\libgcc.a

.debug_info     0x00000000    0x150d4
 .debug_info    0x00000000      0xefe CMakeFiles/6axis-arm-pr.elf.dir/Core/Src/Communications.c.obj
 .debug_info    0x00000efe      0xc8a CMakeFiles/6axis-arm-pr.elf.dir/Core/Src/can.c.obj
 .debug_info    0x00001b88      0x4d9 CMakeFiles/6axis-arm-pr.elf.dir/Core/Src/dma.c.obj
 .debug_info    0x00002061      0x2ec CMakeFiles/6axis-arm-pr.elf.dir/Core/Src/gpio.c.obj
 .debug_info    0x0000234d     0x1584 CMakeFiles/6axis-arm-pr.elf.dir/Core/Src/main.c.obj
 .debug_info    0x000038d1      0x6c3 CMakeFiles/6axis-arm-pr.elf.dir/Core/Src/remote.c.obj
 .debug_info    0x00003f94      0x265 CMakeFiles/6axis-arm-pr.elf.dir/Core/Src/stm32f4xx_hal_msp.c.obj
 .debug_info    0x000041f9      0x7fa CMakeFiles/6axis-arm-pr.elf.dir/Core/Src/stm32f4xx_it.c.obj
 .debug_info    0x000049f3      0x334 CMakeFiles/6axis-arm-pr.elf.dir/Core/Src/system_stm32f4xx.c.obj
 .debug_info    0x00004d27      0xfff CMakeFiles/6axis-arm-pr.elf.dir/Core/Src/tim.c.obj
 .debug_info    0x00005d26      0x9e9 CMakeFiles/6axis-arm-pr.elf.dir/Core/Src/usart.c.obj
 .debug_info    0x0000670f       0x30 CMakeFiles/6axis-arm-pr.elf.dir/Core/Startup/startup_stm32f407ighx.s.obj
 .debug_info    0x0000673f      0x9e2 CMakeFiles/6axis-arm-pr.elf.dir/Drivers/STM32F4xx_HAL_Driver/Src/stm32f4xx_hal.c.obj
 .debug_info    0x00007121     0x11f7 CMakeFiles/6axis-arm-pr.elf.dir/Drivers/STM32F4xx_HAL_Driver/Src/stm32f4xx_hal_can.c.obj
 .debug_info    0x00008318      0xfbb CMakeFiles/6axis-arm-pr.elf.dir/Drivers/STM32F4xx_HAL_Driver/Src/stm32f4xx_hal_cortex.c.obj
 .debug_info    0x000092d3      0xad9 CMakeFiles/6axis-arm-pr.elf.dir/Drivers/STM32F4xx_HAL_Driver/Src/stm32f4xx_hal_dma.c.obj
 .debug_info    0x00009dac      0x704 CMakeFiles/6axis-arm-pr.elf.dir/Drivers/STM32F4xx_HAL_Driver/Src/stm32f4xx_hal_gpio.c.obj
 .debug_info    0x0000a4b0      0xa6d CMakeFiles/6axis-arm-pr.elf.dir/Drivers/STM32F4xx_HAL_Driver/Src/stm32f4xx_hal_rcc.c.obj
 .debug_info    0x0000af1d     0x3be0 CMakeFiles/6axis-arm-pr.elf.dir/Drivers/STM32F4xx_HAL_Driver/Src/stm32f4xx_hal_tim.c.obj
 .debug_info    0x0000eafd     0x1ac8 CMakeFiles/6axis-arm-pr.elf.dir/Drivers/STM32F4xx_HAL_Driver/Src/stm32f4xx_hal_tim_ex.c.obj
 .debug_info    0x000105c5     0x3fcf CMakeFiles/6axis-arm-pr.elf.dir/Drivers/STM32F4xx_HAL_Driver/Src/stm32f4xx_hal_uart.c.obj
 .debug_info    0x00014594       0xe0 D:/Program Files/STM32CubeCLT_1.17.0/GNU-tools-for-STM32/bin/../lib/gcc/arm-none-eabi/12.3.1/../../../../arm-none-eabi/lib/thumb/v7e-m/nofp\libg.a(libc_a-memset.o)
 .debug_info    0x00014674      0x10b D:/Program Files/STM32CubeCLT_1.17.0/GNU-tools-for-STM32/bin/../lib/gcc/arm-none-eabi/12.3.1/../../../../arm-none-eabi/lib/thumb/v7e-m/nofp\libg.a(libc_a-init.o)
 .debug_info    0x0001477f      0x20a D:/Program Files/STM32CubeCLT_1.17.0/GNU-tools-for-STM32/bin/../lib/gcc/arm-none-eabi/12.3.1/../../../../arm-none-eabi/lib/thumb/v7e-m/nofp\libg.a(libc_a-lock.o)
 .debug_info    0x00014989      0x2dd D:/Program Files/STM32CubeCLT_1.17.0/GNU-tools-for-STM32/bin/../lib/gcc/arm-none-eabi/12.3.1/../../../../arm-none-eabi/lib/thumb/v7e-m/nofp\libg.a(libc_a-__call_atexit.o)
 .debug_info    0x00014c66      0x118 D:/Program Files/STM32CubeCLT_1.17.0/GNU-tools-for-STM32/bin/../lib/gcc/arm-none-eabi/12.3.1/../../../../arm-none-eabi/lib/thumb/v7e-m/nofp\libg.a(libc_a-atexit.o)
 .debug_info    0x00014d7e       0xf7 D:/Program Files/STM32CubeCLT_1.17.0/GNU-tools-for-STM32/bin/../lib/gcc/arm-none-eabi/12.3.1/../../../../arm-none-eabi/lib/thumb/v7e-m/nofp\libg.a(libc_a-fini.o)
 .debug_info    0x00014e75      0x25f D:/Program Files/STM32CubeCLT_1.17.0/GNU-tools-for-STM32/bin/../lib/gcc/arm-none-eabi/12.3.1/../../../../arm-none-eabi/lib/thumb/v7e-m/nofp\libg.a(libc_a-__atexit.o)

.debug_abbrev   0x00000000     0x3308
 .debug_abbrev  0x00000000      0x232 CMakeFiles/6axis-arm-pr.elf.dir/Core/Src/Communications.c.obj
 .debug_abbrev  0x00000232      0x241 CMakeFiles/6axis-arm-pr.elf.dir/Core/Src/can.c.obj
 .debug_abbrev  0x00000473      0x12b CMakeFiles/6axis-arm-pr.elf.dir/Core/Src/dma.c.obj
 .debug_abbrev  0x0000059e       0xd6 CMakeFiles/6axis-arm-pr.elf.dir/Core/Src/gpio.c.obj
 .debug_abbrev  0x00000674      0x301 CMakeFiles/6axis-arm-pr.elf.dir/Core/Src/main.c.obj
 .debug_abbrev  0x00000975      0x19d CMakeFiles/6axis-arm-pr.elf.dir/Core/Src/remote.c.obj
 .debug_abbrev  0x00000b12       0xd6 CMakeFiles/6axis-arm-pr.elf.dir/Core/Src/stm32f4xx_hal_msp.c.obj
 .debug_abbrev  0x00000be8      0x1cc CMakeFiles/6axis-arm-pr.elf.dir/Core/Src/stm32f4xx_it.c.obj
 .debug_abbrev  0x00000db4      0x120 CMakeFiles/6axis-arm-pr.elf.dir/Core/Src/system_stm32f4xx.c.obj
 .debug_abbrev  0x00000ed4      0x26c CMakeFiles/6axis-arm-pr.elf.dir/Core/Src/tim.c.obj
 .debug_abbrev  0x00001140      0x222 CMakeFiles/6axis-arm-pr.elf.dir/Core/Src/usart.c.obj
 .debug_abbrev  0x00001362       0x24 CMakeFiles/6axis-arm-pr.elf.dir/Core/Startup/startup_stm32f407ighx.s.obj
 .debug_abbrev  0x00001386      0x240 CMakeFiles/6axis-arm-pr.elf.dir/Drivers/STM32F4xx_HAL_Driver/Src/stm32f4xx_hal.c.obj
 .debug_abbrev  0x000015c6      0x27b CMakeFiles/6axis-arm-pr.elf.dir/Drivers/STM32F4xx_HAL_Driver/Src/stm32f4xx_hal_can.c.obj
 .debug_abbrev  0x00001841      0x391 CMakeFiles/6axis-arm-pr.elf.dir/Drivers/STM32F4xx_HAL_Driver/Src/stm32f4xx_hal_cortex.c.obj
 .debug_abbrev  0x00001bd2      0x2c0 CMakeFiles/6axis-arm-pr.elf.dir/Drivers/STM32F4xx_HAL_Driver/Src/stm32f4xx_hal_dma.c.obj
 .debug_abbrev  0x00001e92      0x202 CMakeFiles/6axis-arm-pr.elf.dir/Drivers/STM32F4xx_HAL_Driver/Src/stm32f4xx_hal_gpio.c.obj
 .debug_abbrev  0x00002094      0x2c7 CMakeFiles/6axis-arm-pr.elf.dir/Drivers/STM32F4xx_HAL_Driver/Src/stm32f4xx_hal_rcc.c.obj
 .debug_abbrev  0x0000235b      0x271 CMakeFiles/6axis-arm-pr.elf.dir/Drivers/STM32F4xx_HAL_Driver/Src/stm32f4xx_hal_tim.c.obj
 .debug_abbrev  0x000025cc      0x26f CMakeFiles/6axis-arm-pr.elf.dir/Drivers/STM32F4xx_HAL_Driver/Src/stm32f4xx_hal_tim_ex.c.obj
 .debug_abbrev  0x0000283b      0x32f CMakeFiles/6axis-arm-pr.elf.dir/Drivers/STM32F4xx_HAL_Driver/Src/stm32f4xx_hal_uart.c.obj
 .debug_abbrev  0x00002b6a       0x9e D:/Program Files/STM32CubeCLT_1.17.0/GNU-tools-for-STM32/bin/../lib/gcc/arm-none-eabi/12.3.1/../../../../arm-none-eabi/lib/thumb/v7e-m/nofp\libg.a(libc_a-memset.o)
 .debug_abbrev  0x00002c08       0xc9 D:/Program Files/STM32CubeCLT_1.17.0/GNU-tools-for-STM32/bin/../lib/gcc/arm-none-eabi/12.3.1/../../../../arm-none-eabi/lib/thumb/v7e-m/nofp\libg.a(libc_a-init.o)
 .debug_abbrev  0x00002cd1      0x115 D:/Program Files/STM32CubeCLT_1.17.0/GNU-tools-for-STM32/bin/../lib/gcc/arm-none-eabi/12.3.1/../../../../arm-none-eabi/lib/thumb/v7e-m/nofp\libg.a(libc_a-lock.o)
 .debug_abbrev  0x00002de6      0x20c D:/Program Files/STM32CubeCLT_1.17.0/GNU-tools-for-STM32/bin/../lib/gcc/arm-none-eabi/12.3.1/../../../../arm-none-eabi/lib/thumb/v7e-m/nofp\libg.a(libc_a-__call_atexit.o)
 .debug_abbrev  0x00002ff2       0xc1 D:/Program Files/STM32CubeCLT_1.17.0/GNU-tools-for-STM32/bin/../lib/gcc/arm-none-eabi/12.3.1/../../../../arm-none-eabi/lib/thumb/v7e-m/nofp\libg.a(libc_a-atexit.o)
 .debug_abbrev  0x000030b3       0xcc D:/Program Files/STM32CubeCLT_1.17.0/GNU-tools-for-STM32/bin/../lib/gcc/arm-none-eabi/12.3.1/../../../../arm-none-eabi/lib/thumb/v7e-m/nofp\libg.a(libc_a-fini.o)
 .debug_abbrev  0x0000317f      0x189 D:/Program Files/STM32CubeCLT_1.17.0/GNU-tools-for-STM32/bin/../lib/gcc/arm-none-eabi/12.3.1/../../../../arm-none-eabi/lib/thumb/v7e-m/nofp\libg.a(libc_a-__atexit.o)

.debug_loclists
                0x00000000     0x9347
 .debug_loclists
                0x00000000      0x2a7 CMakeFiles/6axis-arm-pr.elf.dir/Core/Src/Communications.c.obj
 .debug_loclists
                0x000002a7       0x8b CMakeFiles/6axis-arm-pr.elf.dir/Core/Src/can.c.obj
 .debug_loclists
                0x00000332       0x7e CMakeFiles/6axis-arm-pr.elf.dir/Core/Src/main.c.obj
 .debug_loclists
                0x000003b0       0x34 CMakeFiles/6axis-arm-pr.elf.dir/Core/Src/remote.c.obj
 .debug_loclists
                0x000003e4       0xdb CMakeFiles/6axis-arm-pr.elf.dir/Core/Src/system_stm32f4xx.c.obj
 .debug_loclists
                0x000004bf       0x48 CMakeFiles/6axis-arm-pr.elf.dir/Core/Src/tim.c.obj
 .debug_loclists
                0x00000507       0x50 CMakeFiles/6axis-arm-pr.elf.dir/Core/Src/usart.c.obj
 .debug_loclists
                0x00000557       0xc9 CMakeFiles/6axis-arm-pr.elf.dir/Drivers/STM32F4xx_HAL_Driver/Src/stm32f4xx_hal.c.obj
 .debug_loclists
                0x00000620      0x85b CMakeFiles/6axis-arm-pr.elf.dir/Drivers/STM32F4xx_HAL_Driver/Src/stm32f4xx_hal_can.c.obj
 .debug_loclists
                0x00000e7b      0x439 CMakeFiles/6axis-arm-pr.elf.dir/Drivers/STM32F4xx_HAL_Driver/Src/stm32f4xx_hal_cortex.c.obj
 .debug_loclists
                0x000012b4      0x763 CMakeFiles/6axis-arm-pr.elf.dir/Drivers/STM32F4xx_HAL_Driver/Src/stm32f4xx_hal_dma.c.obj
 .debug_loclists
                0x00001a17      0x356 CMakeFiles/6axis-arm-pr.elf.dir/Drivers/STM32F4xx_HAL_Driver/Src/stm32f4xx_hal_gpio.c.obj
 .debug_loclists
                0x00001d6d      0x3a9 CMakeFiles/6axis-arm-pr.elf.dir/Drivers/STM32F4xx_HAL_Driver/Src/stm32f4xx_hal_rcc.c.obj
 .debug_loclists
                0x00002116     0x3331 CMakeFiles/6axis-arm-pr.elf.dir/Drivers/STM32F4xx_HAL_Driver/Src/stm32f4xx_hal_tim.c.obj
 .debug_loclists
                0x00005447     0x129a CMakeFiles/6axis-arm-pr.elf.dir/Drivers/STM32F4xx_HAL_Driver/Src/stm32f4xx_hal_tim_ex.c.obj
 .debug_loclists
                0x000066e1     0x29f1 CMakeFiles/6axis-arm-pr.elf.dir/Drivers/STM32F4xx_HAL_Driver/Src/stm32f4xx_hal_uart.c.obj
 .debug_loclists
                0x000090d2       0x47 D:/Program Files/STM32CubeCLT_1.17.0/GNU-tools-for-STM32/bin/../lib/gcc/arm-none-eabi/12.3.1/../../../../arm-none-eabi/lib/thumb/v7e-m/nofp\libg.a(libc_a-memset.o)
 .debug_loclists
                0x00009119       0x44 D:/Program Files/STM32CubeCLT_1.17.0/GNU-tools-for-STM32/bin/../lib/gcc/arm-none-eabi/12.3.1/../../../../arm-none-eabi/lib/thumb/v7e-m/nofp\libg.a(libc_a-init.o)
 .debug_loclists
                0x0000915d       0x23 D:/Program Files/STM32CubeCLT_1.17.0/GNU-tools-for-STM32/bin/../lib/gcc/arm-none-eabi/12.3.1/../../../../arm-none-eabi/lib/thumb/v7e-m/nofp\libg.a(libc_a-lock.o)
 .debug_loclists
                0x00009180       0xd4 D:/Program Files/STM32CubeCLT_1.17.0/GNU-tools-for-STM32/bin/../lib/gcc/arm-none-eabi/12.3.1/../../../../arm-none-eabi/lib/thumb/v7e-m/nofp\libg.a(libc_a-__call_atexit.o)
 .debug_loclists
                0x00009254       0x2a D:/Program Files/STM32CubeCLT_1.17.0/GNU-tools-for-STM32/bin/../lib/gcc/arm-none-eabi/12.3.1/../../../../arm-none-eabi/lib/thumb/v7e-m/nofp\libg.a(libc_a-atexit.o)
 .debug_loclists
                0x0000927e       0x3b D:/Program Files/STM32CubeCLT_1.17.0/GNU-tools-for-STM32/bin/../lib/gcc/arm-none-eabi/12.3.1/../../../../arm-none-eabi/lib/thumb/v7e-m/nofp\libg.a(libc_a-fini.o)
 .debug_loclists
                0x000092b9       0x8e D:/Program Files/STM32CubeCLT_1.17.0/GNU-tools-for-STM32/bin/../lib/gcc/arm-none-eabi/12.3.1/../../../../arm-none-eabi/lib/thumb/v7e-m/nofp\libg.a(libc_a-__atexit.o)

.debug_aranges  0x00000000      0xfa0
 .debug_aranges
                0x00000000       0x68 CMakeFiles/6axis-arm-pr.elf.dir/Core/Src/Communications.c.obj
 .debug_aranges
                0x00000068       0x38 CMakeFiles/6axis-arm-pr.elf.dir/Core/Src/can.c.obj
 .debug_aranges
                0x000000a0       0x20 CMakeFiles/6axis-arm-pr.elf.dir/Core/Src/dma.c.obj
 .debug_aranges
                0x000000c0       0x20 CMakeFiles/6axis-arm-pr.elf.dir/Core/Src/gpio.c.obj
 .debug_aranges
                0x000000e0       0x30 CMakeFiles/6axis-arm-pr.elf.dir/Core/Src/main.c.obj
 .debug_aranges
                0x00000110       0x28 CMakeFiles/6axis-arm-pr.elf.dir/Core/Src/remote.c.obj
 .debug_aranges
                0x00000138       0x20 CMakeFiles/6axis-arm-pr.elf.dir/Core/Src/stm32f4xx_hal_msp.c.obj
 .debug_aranges
                0x00000158       0x78 CMakeFiles/6axis-arm-pr.elf.dir/Core/Src/stm32f4xx_it.c.obj
 .debug_aranges
                0x000001d0       0x28 CMakeFiles/6axis-arm-pr.elf.dir/Core/Src/system_stm32f4xx.c.obj
 .debug_aranges
                0x000001f8       0x50 CMakeFiles/6axis-arm-pr.elf.dir/Core/Src/tim.c.obj
 .debug_aranges
                0x00000248       0x30 CMakeFiles/6axis-arm-pr.elf.dir/Core/Src/usart.c.obj
 .debug_aranges
                0x00000278       0x28 CMakeFiles/6axis-arm-pr.elf.dir/Core/Startup/startup_stm32f407ighx.s.obj
 .debug_aranges
                0x000002a0       0xf0 CMakeFiles/6axis-arm-pr.elf.dir/Drivers/STM32F4xx_HAL_Driver/Src/stm32f4xx_hal.c.obj
 .debug_aranges
                0x00000390      0x138 CMakeFiles/6axis-arm-pr.elf.dir/Drivers/STM32F4xx_HAL_Driver/Src/stm32f4xx_hal_can.c.obj
 .debug_aranges
                0x000004c8       0xf8 CMakeFiles/6axis-arm-pr.elf.dir/Drivers/STM32F4xx_HAL_Driver/Src/stm32f4xx_hal_cortex.c.obj
 .debug_aranges
                0x000005c0       0x90 CMakeFiles/6axis-arm-pr.elf.dir/Drivers/STM32F4xx_HAL_Driver/Src/stm32f4xx_hal_dma.c.obj
 .debug_aranges
                0x00000650       0x58 CMakeFiles/6axis-arm-pr.elf.dir/Drivers/STM32F4xx_HAL_Driver/Src/stm32f4xx_hal_gpio.c.obj
 .debug_aranges
                0x000006a8       0x88 CMakeFiles/6axis-arm-pr.elf.dir/Drivers/STM32F4xx_HAL_Driver/Src/stm32f4xx_hal_rcc.c.obj
 .debug_aranges
                0x00000730      0x3d0 CMakeFiles/6axis-arm-pr.elf.dir/Drivers/STM32F4xx_HAL_Driver/Src/stm32f4xx_hal_tim.c.obj
 .debug_aranges
                0x00000b00      0x168 CMakeFiles/6axis-arm-pr.elf.dir/Drivers/STM32F4xx_HAL_Driver/Src/stm32f4xx_hal_tim_ex.c.obj
 .debug_aranges
                0x00000c68      0x208 CMakeFiles/6axis-arm-pr.elf.dir/Drivers/STM32F4xx_HAL_Driver/Src/stm32f4xx_hal_uart.c.obj
 .debug_aranges
                0x00000e70       0x20 D:/Program Files/STM32CubeCLT_1.17.0/GNU-tools-for-STM32/bin/../lib/gcc/arm-none-eabi/12.3.1/../../../../arm-none-eabi/lib/thumb/v7e-m/nofp\libg.a(libc_a-memset.o)
 .debug_aranges
                0x00000e90       0x20 D:/Program Files/STM32CubeCLT_1.17.0/GNU-tools-for-STM32/bin/../lib/gcc/arm-none-eabi/12.3.1/../../../../arm-none-eabi/lib/thumb/v7e-m/nofp\libg.a(libc_a-init.o)
 .debug_aranges
                0x00000eb0       0x68 D:/Program Files/STM32CubeCLT_1.17.0/GNU-tools-for-STM32/bin/../lib/gcc/arm-none-eabi/12.3.1/../../../../arm-none-eabi/lib/thumb/v7e-m/nofp\libg.a(libc_a-lock.o)
 .debug_aranges
                0x00000f18       0x28 D:/Program Files/STM32CubeCLT_1.17.0/GNU-tools-for-STM32/bin/../lib/gcc/arm-none-eabi/12.3.1/../../../../arm-none-eabi/lib/thumb/v7e-m/nofp\libg.a(libc_a-__call_atexit.o)
 .debug_aranges
                0x00000f40       0x20 D:/Program Files/STM32CubeCLT_1.17.0/GNU-tools-for-STM32/bin/../lib/gcc/arm-none-eabi/12.3.1/../../../../arm-none-eabi/lib/thumb/v7e-m/nofp\libg.a(libc_a-atexit.o)
 .debug_aranges
                0x00000f60       0x20 D:/Program Files/STM32CubeCLT_1.17.0/GNU-tools-for-STM32/bin/../lib/gcc/arm-none-eabi/12.3.1/../../../../arm-none-eabi/lib/thumb/v7e-m/nofp\libg.a(libc_a-fini.o)
 .debug_aranges
                0x00000f80       0x20 D:/Program Files/STM32CubeCLT_1.17.0/GNU-tools-for-STM32/bin/../lib/gcc/arm-none-eabi/12.3.1/../../../../arm-none-eabi/lib/thumb/v7e-m/nofp\libg.a(libc_a-__atexit.o)

.debug_rnglists
                0x00000000      0xbd3
 .debug_rnglists
                0x00000000       0x4a CMakeFiles/6axis-arm-pr.elf.dir/Core/Src/Communications.c.obj
 .debug_rnglists
                0x0000004a       0x27 CMakeFiles/6axis-arm-pr.elf.dir/Core/Src/can.c.obj
 .debug_rnglists
                0x00000071       0x13 CMakeFiles/6axis-arm-pr.elf.dir/Core/Src/dma.c.obj
 .debug_rnglists
                0x00000084       0x14 CMakeFiles/6axis-arm-pr.elf.dir/Core/Src/gpio.c.obj
 .debug_rnglists
                0x00000098       0x21 CMakeFiles/6axis-arm-pr.elf.dir/Core/Src/main.c.obj
 .debug_rnglists
                0x000000b9       0x1a CMakeFiles/6axis-arm-pr.elf.dir/Core/Src/remote.c.obj
 .debug_rnglists
                0x000000d3       0x13 CMakeFiles/6axis-arm-pr.elf.dir/Core/Src/stm32f4xx_hal_msp.c.obj
 .debug_rnglists
                0x000000e6       0x55 CMakeFiles/6axis-arm-pr.elf.dir/Core/Src/stm32f4xx_it.c.obj
 .debug_rnglists
                0x0000013b       0x1a CMakeFiles/6axis-arm-pr.elf.dir/Core/Src/system_stm32f4xx.c.obj
 .debug_rnglists
                0x00000155       0x3a CMakeFiles/6axis-arm-pr.elf.dir/Core/Src/tim.c.obj
 .debug_rnglists
                0x0000018f       0x20 CMakeFiles/6axis-arm-pr.elf.dir/Core/Src/usart.c.obj
 .debug_rnglists
                0x000001af       0x19 CMakeFiles/6axis-arm-pr.elf.dir/Core/Startup/startup_stm32f407ighx.s.obj
 .debug_rnglists
                0x000001c8       0xaf CMakeFiles/6axis-arm-pr.elf.dir/Drivers/STM32F4xx_HAL_Driver/Src/stm32f4xx_hal.c.obj
 .debug_rnglists
                0x00000277       0xf6 CMakeFiles/6axis-arm-pr.elf.dir/Drivers/STM32F4xx_HAL_Driver/Src/stm32f4xx_hal_can.c.obj
 .debug_rnglists
                0x0000036d       0xb5 CMakeFiles/6axis-arm-pr.elf.dir/Drivers/STM32F4xx_HAL_Driver/Src/stm32f4xx_hal_cortex.c.obj
 .debug_rnglists
                0x00000422       0x6c CMakeFiles/6axis-arm-pr.elf.dir/Drivers/STM32F4xx_HAL_Driver/Src/stm32f4xx_hal_dma.c.obj
 .debug_rnglists
                0x0000048e       0x3f CMakeFiles/6axis-arm-pr.elf.dir/Drivers/STM32F4xx_HAL_Driver/Src/stm32f4xx_hal_gpio.c.obj
 .debug_rnglists
                0x000004cd       0x75 CMakeFiles/6axis-arm-pr.elf.dir/Drivers/STM32F4xx_HAL_Driver/Src/stm32f4xx_hal_rcc.c.obj
 .debug_rnglists
                0x00000542      0x302 CMakeFiles/6axis-arm-pr.elf.dir/Drivers/STM32F4xx_HAL_Driver/Src/stm32f4xx_hal_tim.c.obj
 .debug_rnglists
                0x00000844      0x11b CMakeFiles/6axis-arm-pr.elf.dir/Drivers/STM32F4xx_HAL_Driver/Src/stm32f4xx_hal_tim_ex.c.obj
 .debug_rnglists
                0x0000095f      0x1a1 CMakeFiles/6axis-arm-pr.elf.dir/Drivers/STM32F4xx_HAL_Driver/Src/stm32f4xx_hal_uart.c.obj
 .debug_rnglists
                0x00000b00       0x13 D:/Program Files/STM32CubeCLT_1.17.0/GNU-tools-for-STM32/bin/../lib/gcc/arm-none-eabi/12.3.1/../../../../arm-none-eabi/lib/thumb/v7e-m/nofp\libg.a(libc_a-memset.o)
 .debug_rnglists
                0x00000b13       0x13 D:/Program Files/STM32CubeCLT_1.17.0/GNU-tools-for-STM32/bin/../lib/gcc/arm-none-eabi/12.3.1/../../../../arm-none-eabi/lib/thumb/v7e-m/nofp\libg.a(libc_a-init.o)
 .debug_rnglists
                0x00000b26       0x49 D:/Program Files/STM32CubeCLT_1.17.0/GNU-tools-for-STM32/bin/../lib/gcc/arm-none-eabi/12.3.1/../../../../arm-none-eabi/lib/thumb/v7e-m/nofp\libg.a(libc_a-lock.o)
 .debug_rnglists
                0x00000b6f       0x2a D:/Program Files/STM32CubeCLT_1.17.0/GNU-tools-for-STM32/bin/../lib/gcc/arm-none-eabi/12.3.1/../../../../arm-none-eabi/lib/thumb/v7e-m/nofp\libg.a(libc_a-__call_atexit.o)
 .debug_rnglists
                0x00000b99       0x13 D:/Program Files/STM32CubeCLT_1.17.0/GNU-tools-for-STM32/bin/../lib/gcc/arm-none-eabi/12.3.1/../../../../arm-none-eabi/lib/thumb/v7e-m/nofp\libg.a(libc_a-atexit.o)
 .debug_rnglists
                0x00000bac       0x13 D:/Program Files/STM32CubeCLT_1.17.0/GNU-tools-for-STM32/bin/../lib/gcc/arm-none-eabi/12.3.1/../../../../arm-none-eabi/lib/thumb/v7e-m/nofp\libg.a(libc_a-fini.o)
 .debug_rnglists
                0x00000bbf       0x14 D:/Program Files/STM32CubeCLT_1.17.0/GNU-tools-for-STM32/bin/../lib/gcc/arm-none-eabi/12.3.1/../../../../arm-none-eabi/lib/thumb/v7e-m/nofp\libg.a(libc_a-__atexit.o)

.debug_line     0x00000000    0x12ae5
 .debug_line    0x00000000      0x6b5 CMakeFiles/6axis-arm-pr.elf.dir/Core/Src/Communications.c.obj
 .debug_line    0x000006b5      0x5a3 CMakeFiles/6axis-arm-pr.elf.dir/Core/Src/can.c.obj
 .debug_line    0x00000c58      0x240 CMakeFiles/6axis-arm-pr.elf.dir/Core/Src/dma.c.obj
 .debug_line    0x00000e98      0x20d CMakeFiles/6axis-arm-pr.elf.dir/Core/Src/gpio.c.obj
 .debug_line    0x000010a5      0x6f0 CMakeFiles/6axis-arm-pr.elf.dir/Core/Src/main.c.obj
 .debug_line    0x00001795      0x399 CMakeFiles/6axis-arm-pr.elf.dir/Core/Src/remote.c.obj
 .debug_line    0x00001b2e      0x1fd CMakeFiles/6axis-arm-pr.elf.dir/Core/Src/stm32f4xx_hal_msp.c.obj
 .debug_line    0x00001d2b      0x400 CMakeFiles/6axis-arm-pr.elf.dir/Core/Src/stm32f4xx_it.c.obj
 .debug_line    0x0000212b      0x2c5 CMakeFiles/6axis-arm-pr.elf.dir/Core/Src/system_stm32f4xx.c.obj
 .debug_line    0x000023f0      0x6ac CMakeFiles/6axis-arm-pr.elf.dir/Core/Src/tim.c.obj
 .debug_line    0x00002a9c      0x402 CMakeFiles/6axis-arm-pr.elf.dir/Core/Src/usart.c.obj
 .debug_line    0x00002e9e       0x7a CMakeFiles/6axis-arm-pr.elf.dir/Core/Startup/startup_stm32f407ighx.s.obj
 .debug_line    0x00002f18      0x643 CMakeFiles/6axis-arm-pr.elf.dir/Drivers/STM32F4xx_HAL_Driver/Src/stm32f4xx_hal.c.obj
 .debug_line    0x0000355b     0x1207 CMakeFiles/6axis-arm-pr.elf.dir/Drivers/STM32F4xx_HAL_Driver/Src/stm32f4xx_hal_can.c.obj
 .debug_line    0x00004762      0x930 CMakeFiles/6axis-arm-pr.elf.dir/Drivers/STM32F4xx_HAL_Driver/Src/stm32f4xx_hal_cortex.c.obj
 .debug_line    0x00005092      0xf1c CMakeFiles/6axis-arm-pr.elf.dir/Drivers/STM32F4xx_HAL_Driver/Src/stm32f4xx_hal_dma.c.obj
 .debug_line    0x00005fae      0x77f CMakeFiles/6axis-arm-pr.elf.dir/Drivers/STM32F4xx_HAL_Driver/Src/stm32f4xx_hal_gpio.c.obj
 .debug_line    0x0000672d      0xbfd CMakeFiles/6axis-arm-pr.elf.dir/Drivers/STM32F4xx_HAL_Driver/Src/stm32f4xx_hal_rcc.c.obj
 .debug_line    0x0000732a     0x4b3a CMakeFiles/6axis-arm-pr.elf.dir/Drivers/STM32F4xx_HAL_Driver/Src/stm32f4xx_hal_tim.c.obj
 .debug_line    0x0000be64     0x1dd3 CMakeFiles/6axis-arm-pr.elf.dir/Drivers/STM32F4xx_HAL_Driver/Src/stm32f4xx_hal_tim_ex.c.obj
 .debug_line    0x0000dc37     0x439c CMakeFiles/6axis-arm-pr.elf.dir/Drivers/STM32F4xx_HAL_Driver/Src/stm32f4xx_hal_uart.c.obj
 .debug_line    0x00011fd3      0x17e D:/Program Files/STM32CubeCLT_1.17.0/GNU-tools-for-STM32/bin/../lib/gcc/arm-none-eabi/12.3.1/../../../../arm-none-eabi/lib/thumb/v7e-m/nofp\libg.a(libc_a-memset.o)
 .debug_line    0x00012151      0x188 D:/Program Files/STM32CubeCLT_1.17.0/GNU-tools-for-STM32/bin/../lib/gcc/arm-none-eabi/12.3.1/../../../../arm-none-eabi/lib/thumb/v7e-m/nofp\libg.a(libc_a-init.o)
 .debug_line    0x000122d9      0x19b D:/Program Files/STM32CubeCLT_1.17.0/GNU-tools-for-STM32/bin/../lib/gcc/arm-none-eabi/12.3.1/../../../../arm-none-eabi/lib/thumb/v7e-m/nofp\libg.a(libc_a-lock.o)
 .debug_line    0x00012474      0x28a D:/Program Files/STM32CubeCLT_1.17.0/GNU-tools-for-STM32/bin/../lib/gcc/arm-none-eabi/12.3.1/../../../../arm-none-eabi/lib/thumb/v7e-m/nofp\libg.a(libc_a-__call_atexit.o)
 .debug_line    0x000126fe      0x102 D:/Program Files/STM32CubeCLT_1.17.0/GNU-tools-for-STM32/bin/../lib/gcc/arm-none-eabi/12.3.1/../../../../arm-none-eabi/lib/thumb/v7e-m/nofp\libg.a(libc_a-atexit.o)
 .debug_line    0x00012800      0x140 D:/Program Files/STM32CubeCLT_1.17.0/GNU-tools-for-STM32/bin/../lib/gcc/arm-none-eabi/12.3.1/../../../../arm-none-eabi/lib/thumb/v7e-m/nofp\libg.a(libc_a-fini.o)
 .debug_line    0x00012940      0x1a5 D:/Program Files/STM32CubeCLT_1.17.0/GNU-tools-for-STM32/bin/../lib/gcc/arm-none-eabi/12.3.1/../../../../arm-none-eabi/lib/thumb/v7e-m/nofp\libg.a(libc_a-__atexit.o)

.debug_str      0x00000000     0x506e
 .debug_str     0x00000000      0x7f5 CMakeFiles/6axis-arm-pr.elf.dir/Core/Src/Communications.c.obj
                                0x8ae (size before relaxing)
 .debug_str     0x000007f5      0x726 CMakeFiles/6axis-arm-pr.elf.dir/Core/Src/can.c.obj
                                0xba1 (size before relaxing)
 .debug_str     0x00000f1b       0x36 CMakeFiles/6axis-arm-pr.elf.dir/Core/Src/dma.c.obj
                                0x7e5 (size before relaxing)
 .debug_str     0x00000f51       0x38 CMakeFiles/6axis-arm-pr.elf.dir/Core/Src/gpio.c.obj
                                0x2c7 (size before relaxing)
 .debug_str     0x00000f89      0x66b CMakeFiles/6axis-arm-pr.elf.dir/Core/Src/main.c.obj
                                0xc90 (size before relaxing)
 .debug_str     0x000015f4       0x5e CMakeFiles/6axis-arm-pr.elf.dir/Core/Src/remote.c.obj
                                0x69e (size before relaxing)
 .debug_str     0x00001652       0x44 CMakeFiles/6axis-arm-pr.elf.dir/Core/Src/stm32f4xx_hal_msp.c.obj
                                0x2d3 (size before relaxing)
 .debug_str     0x00001696      0x144 CMakeFiles/6axis-arm-pr.elf.dir/Core/Src/stm32f4xx_it.c.obj
                                0x79e (size before relaxing)
 .debug_str     0x000017da       0x9f CMakeFiles/6axis-arm-pr.elf.dir/Core/Src/system_stm32f4xx.c.obj
                                0x339 (size before relaxing)
 .debug_str     0x00001879      0x53e CMakeFiles/6axis-arm-pr.elf.dir/Core/Src/tim.c.obj
                                0xb69 (size before relaxing)
 .debug_str     0x00001db7       0x85 CMakeFiles/6axis-arm-pr.elf.dir/Core/Src/usart.c.obj
                                0x879 (size before relaxing)
 .debug_str     0x00001e3c       0x5c CMakeFiles/6axis-arm-pr.elf.dir/Core/Startup/startup_stm32f407ighx.s.obj
                                 0x89 (size before relaxing)
 .debug_str     0x00001e98      0x34e CMakeFiles/6axis-arm-pr.elf.dir/Drivers/STM32F4xx_HAL_Driver/Src/stm32f4xx_hal.c.obj
                                0xb7c (size before relaxing)
 .debug_str     0x000021e6      0x3e0 CMakeFiles/6axis-arm-pr.elf.dir/Drivers/STM32F4xx_HAL_Driver/Src/stm32f4xx_hal_can.c.obj
                                0xa4d (size before relaxing)
 .debug_str     0x000025c6      0x4d7 CMakeFiles/6axis-arm-pr.elf.dir/Drivers/STM32F4xx_HAL_Driver/Src/stm32f4xx_hal_cortex.c.obj
                                0xc8d (size before relaxing)
 .debug_str     0x00002a9d      0x2ed CMakeFiles/6axis-arm-pr.elf.dir/Drivers/STM32F4xx_HAL_Driver/Src/stm32f4xx_hal_dma.c.obj
                                0x78e (size before relaxing)
 .debug_str     0x00002d8a      0x16e CMakeFiles/6axis-arm-pr.elf.dir/Drivers/STM32F4xx_HAL_Driver/Src/stm32f4xx_hal_gpio.c.obj
                                0x4f8 (size before relaxing)
 .debug_str     0x00002ef8      0x1bc CMakeFiles/6axis-arm-pr.elf.dir/Drivers/STM32F4xx_HAL_Driver/Src/stm32f4xx_hal_rcc.c.obj
                                0x71e (size before relaxing)
 .debug_str     0x000030b4      0xe62 CMakeFiles/6axis-arm-pr.elf.dir/Drivers/STM32F4xx_HAL_Driver/Src/stm32f4xx_hal_tim.c.obj
                               0x1717 (size before relaxing)
 .debug_str     0x00003f16      0x454 CMakeFiles/6axis-arm-pr.elf.dir/Drivers/STM32F4xx_HAL_Driver/Src/stm32f4xx_hal_tim_ex.c.obj
                                0xf23 (size before relaxing)
 .debug_str     0x0000436a      0x5fb CMakeFiles/6axis-arm-pr.elf.dir/Drivers/STM32F4xx_HAL_Driver/Src/stm32f4xx_hal_uart.c.obj
                                0xdb3 (size before relaxing)
 .debug_str     0x00004965      0x16a D:/Program Files/STM32CubeCLT_1.17.0/GNU-tools-for-STM32/bin/../lib/gcc/arm-none-eabi/12.3.1/../../../../arm-none-eabi/lib/thumb/v7e-m/nofp\libg.a(libc_a-memset.o)
                                0x206 (size before relaxing)
 .debug_str     0x00004acf       0xb6 D:/Program Files/STM32CubeCLT_1.17.0/GNU-tools-for-STM32/bin/../lib/gcc/arm-none-eabi/12.3.1/../../../../arm-none-eabi/lib/thumb/v7e-m/nofp\libg.a(libc_a-init.o)
                                0x267 (size before relaxing)
 .debug_str     0x00004b85      0x266 D:/Program Files/STM32CubeCLT_1.17.0/GNU-tools-for-STM32/bin/../lib/gcc/arm-none-eabi/12.3.1/../../../../arm-none-eabi/lib/thumb/v7e-m/nofp\libg.a(libc_a-lock.o)
                                0x379 (size before relaxing)
 .debug_str     0x00004deb      0x100 D:/Program Files/STM32CubeCLT_1.17.0/GNU-tools-for-STM32/bin/../lib/gcc/arm-none-eabi/12.3.1/../../../../arm-none-eabi/lib/thumb/v7e-m/nofp\libg.a(libc_a-__call_atexit.o)
                                0x343 (size before relaxing)
 .debug_str     0x00004eeb       0x9e D:/Program Files/STM32CubeCLT_1.17.0/GNU-tools-for-STM32/bin/../lib/gcc/arm-none-eabi/12.3.1/../../../../arm-none-eabi/lib/thumb/v7e-m/nofp\libg.a(libc_a-atexit.o)
                                0x243 (size before relaxing)
 .debug_str     0x00004f89       0x7a D:/Program Files/STM32CubeCLT_1.17.0/GNU-tools-for-STM32/bin/../lib/gcc/arm-none-eabi/12.3.1/../../../../arm-none-eabi/lib/thumb/v7e-m/nofp\libg.a(libc_a-fini.o)
                                0x23d (size before relaxing)
 .debug_str     0x00005003       0x6b D:/Program Files/STM32CubeCLT_1.17.0/GNU-tools-for-STM32/bin/../lib/gcc/arm-none-eabi/12.3.1/../../../../arm-none-eabi/lib/thumb/v7e-m/nofp\libg.a(libc_a-__atexit.o)
                                0x31a (size before relaxing)

.comment        0x00000000       0x43
 .comment       0x00000000       0x43 CMakeFiles/6axis-arm-pr.elf.dir/Core/Src/Communications.c.obj
                                 0x44 (size before relaxing)
 .comment       0x00000043       0x44 CMakeFiles/6axis-arm-pr.elf.dir/Core/Src/can.c.obj
 .comment       0x00000043       0x44 CMakeFiles/6axis-arm-pr.elf.dir/Core/Src/dma.c.obj
 .comment       0x00000043       0x44 CMakeFiles/6axis-arm-pr.elf.dir/Core/Src/gpio.c.obj
 .comment       0x00000043       0x44 CMakeFiles/6axis-arm-pr.elf.dir/Core/Src/main.c.obj
 .comment       0x00000043       0x44 CMakeFiles/6axis-arm-pr.elf.dir/Core/Src/remote.c.obj
 .comment       0x00000043       0x44 CMakeFiles/6axis-arm-pr.elf.dir/Core/Src/stm32f4xx_hal_msp.c.obj
 .comment       0x00000043       0x44 CMakeFiles/6axis-arm-pr.elf.dir/Core/Src/stm32f4xx_it.c.obj
 .comment       0x00000043       0x44 CMakeFiles/6axis-arm-pr.elf.dir/Core/Src/system_stm32f4xx.c.obj
 .comment       0x00000043       0x44 CMakeFiles/6axis-arm-pr.elf.dir/Core/Src/tim.c.obj
 .comment       0x00000043       0x44 CMakeFiles/6axis-arm-pr.elf.dir/Core/Src/usart.c.obj
 .comment       0x00000043       0x44 CMakeFiles/6axis-arm-pr.elf.dir/Drivers/STM32F4xx_HAL_Driver/Src/stm32f4xx_hal.c.obj
 .comment       0x00000043       0x44 CMakeFiles/6axis-arm-pr.elf.dir/Drivers/STM32F4xx_HAL_Driver/Src/stm32f4xx_hal_can.c.obj
 .comment       0x00000043       0x44 CMakeFiles/6axis-arm-pr.elf.dir/Drivers/STM32F4xx_HAL_Driver/Src/stm32f4xx_hal_cortex.c.obj
 .comment       0x00000043       0x44 CMakeFiles/6axis-arm-pr.elf.dir/Drivers/STM32F4xx_HAL_Driver/Src/stm32f4xx_hal_dma.c.obj
 .comment       0x00000043       0x44 CMakeFiles/6axis-arm-pr.elf.dir/Drivers/STM32F4xx_HAL_Driver/Src/stm32f4xx_hal_gpio.c.obj
 .comment       0x00000043       0x44 CMakeFiles/6axis-arm-pr.elf.dir/Drivers/STM32F4xx_HAL_Driver/Src/stm32f4xx_hal_rcc.c.obj
 .comment       0x00000043       0x44 CMakeFiles/6axis-arm-pr.elf.dir/Drivers/STM32F4xx_HAL_Driver/Src/stm32f4xx_hal_tim.c.obj
 .comment       0x00000043       0x44 CMakeFiles/6axis-arm-pr.elf.dir/Drivers/STM32F4xx_HAL_Driver/Src/stm32f4xx_hal_tim_ex.c.obj
 .comment       0x00000043       0x44 CMakeFiles/6axis-arm-pr.elf.dir/Drivers/STM32F4xx_HAL_Driver/Src/stm32f4xx_hal_uart.c.obj
 .comment       0x00000043       0x44 D:/Program Files/STM32CubeCLT_1.17.0/GNU-tools-for-STM32/bin/../lib/gcc/arm-none-eabi/12.3.1/../../../../arm-none-eabi/lib/thumb/v7e-m/nofp\libg.a(libc_a-memset.o)
 .comment       0x00000043       0x44 D:/Program Files/STM32CubeCLT_1.17.0/GNU-tools-for-STM32/bin/../lib/gcc/arm-none-eabi/12.3.1/../../../../arm-none-eabi/lib/thumb/v7e-m/nofp\libg.a(libc_a-init.o)
 .comment       0x00000043       0x44 D:/Program Files/STM32CubeCLT_1.17.0/GNU-tools-for-STM32/bin/../lib/gcc/arm-none-eabi/12.3.1/../../../../arm-none-eabi/lib/thumb/v7e-m/nofp\libg.a(libc_a-lock.o)
 .comment       0x00000043       0x44 D:/Program Files/STM32CubeCLT_1.17.0/GNU-tools-for-STM32/bin/../lib/gcc/arm-none-eabi/12.3.1/../../../../arm-none-eabi/lib/thumb/v7e-m/nofp\libg.a(libc_a-__call_atexit.o)
 .comment       0x00000043       0x44 D:/Program Files/STM32CubeCLT_1.17.0/GNU-tools-for-STM32/bin/../lib/gcc/arm-none-eabi/12.3.1/../../../../arm-none-eabi/lib/thumb/v7e-m/nofp\libg.a(libc_a-atexit.o)
 .comment       0x00000043       0x44 D:/Program Files/STM32CubeCLT_1.17.0/GNU-tools-for-STM32/bin/../lib/gcc/arm-none-eabi/12.3.1/../../../../arm-none-eabi/lib/thumb/v7e-m/nofp\libg.a(libc_a-fini.o)
 .comment       0x00000043       0x44 D:/Program Files/STM32CubeCLT_1.17.0/GNU-tools-for-STM32/bin/../lib/gcc/arm-none-eabi/12.3.1/../../../../arm-none-eabi/lib/thumb/v7e-m/nofp\libg.a(libc_a-__atexit.o)

.debug_frame    0x00000000     0x29c4
 .debug_frame   0x00000000      0x138 CMakeFiles/6axis-arm-pr.elf.dir/Core/Src/Communications.c.obj
 .debug_frame   0x00000138       0x78 CMakeFiles/6axis-arm-pr.elf.dir/Core/Src/can.c.obj
 .debug_frame   0x000001b0       0x2c CMakeFiles/6axis-arm-pr.elf.dir/Core/Src/dma.c.obj
 .debug_frame   0x000001dc       0x28 CMakeFiles/6axis-arm-pr.elf.dir/Core/Src/gpio.c.obj
 .debug_frame   0x00000204       0x60 CMakeFiles/6axis-arm-pr.elf.dir/Core/Src/main.c.obj
 .debug_frame   0x00000264       0x38 CMakeFiles/6axis-arm-pr.elf.dir/Core/Src/remote.c.obj
 .debug_frame   0x0000029c       0x28 CMakeFiles/6axis-arm-pr.elf.dir/Core/Src/stm32f4xx_hal_msp.c.obj
 .debug_frame   0x000002c4       0xf0 CMakeFiles/6axis-arm-pr.elf.dir/Core/Src/stm32f4xx_it.c.obj
 .debug_frame   0x000003b4       0x30 CMakeFiles/6axis-arm-pr.elf.dir/Core/Src/system_stm32f4xx.c.obj
 .debug_frame   0x000003e4       0xd0 CMakeFiles/6axis-arm-pr.elf.dir/Core/Src/tim.c.obj
 .debug_frame   0x000004b4       0x64 CMakeFiles/6axis-arm-pr.elf.dir/Core/Src/usart.c.obj
 .debug_frame   0x00000518      0x1ec CMakeFiles/6axis-arm-pr.elf.dir/Drivers/STM32F4xx_HAL_Driver/Src/stm32f4xx_hal.c.obj
 .debug_frame   0x00000704      0x2d4 CMakeFiles/6axis-arm-pr.elf.dir/Drivers/STM32F4xx_HAL_Driver/Src/stm32f4xx_hal_can.c.obj
 .debug_frame   0x000009d8      0x214 CMakeFiles/6axis-arm-pr.elf.dir/Drivers/STM32F4xx_HAL_Driver/Src/stm32f4xx_hal_cortex.c.obj
 .debug_frame   0x00000bec      0x188 CMakeFiles/6axis-arm-pr.elf.dir/Drivers/STM32F4xx_HAL_Driver/Src/stm32f4xx_hal_dma.c.obj
 .debug_frame   0x00000d74       0xd4 CMakeFiles/6axis-arm-pr.elf.dir/Drivers/STM32F4xx_HAL_Driver/Src/stm32f4xx_hal_gpio.c.obj
 .debug_frame   0x00000e48      0x16c CMakeFiles/6axis-arm-pr.elf.dir/Drivers/STM32F4xx_HAL_Driver/Src/stm32f4xx_hal_rcc.c.obj
 .debug_frame   0x00000fb4      0xb08 CMakeFiles/6axis-arm-pr.elf.dir/Drivers/STM32F4xx_HAL_Driver/Src/stm32f4xx_hal_tim.c.obj
 .debug_frame   0x00001abc      0x40c CMakeFiles/6axis-arm-pr.elf.dir/Drivers/STM32F4xx_HAL_Driver/Src/stm32f4xx_hal_tim_ex.c.obj
 .debug_frame   0x00001ec8      0x5dc CMakeFiles/6axis-arm-pr.elf.dir/Drivers/STM32F4xx_HAL_Driver/Src/stm32f4xx_hal_uart.c.obj
 .debug_frame   0x000024a4       0xac D:/Program Files/STM32CubeCLT_1.17.0/GNU-tools-for-STM32/bin/../lib/gcc/arm-none-eabi/12.3.1/thumb/v7e-m/nofp\libgcc.a(_arm_addsubdf3.o)
 .debug_frame   0x00002550       0xc4 D:/Program Files/STM32CubeCLT_1.17.0/GNU-tools-for-STM32/bin/../lib/gcc/arm-none-eabi/12.3.1/thumb/v7e-m/nofp\libgcc.a(_arm_cmpdf2.o)
 .debug_frame   0x00002614       0x24 D:/Program Files/STM32CubeCLT_1.17.0/GNU-tools-for-STM32/bin/../lib/gcc/arm-none-eabi/12.3.1/thumb/v7e-m/nofp\libgcc.a(_arm_truncdfsf2.o)
 .debug_frame   0x00002638       0x4c D:/Program Files/STM32CubeCLT_1.17.0/GNU-tools-for-STM32/bin/../lib/gcc/arm-none-eabi/12.3.1/thumb/v7e-m/nofp\libgcc.a(_arm_addsubsf3.o)
 .debug_frame   0x00002684       0x38 D:/Program Files/STM32CubeCLT_1.17.0/GNU-tools-for-STM32/bin/../lib/gcc/arm-none-eabi/12.3.1/thumb/v7e-m/nofp\libgcc.a(_arm_muldivsf3.o)
 .debug_frame   0x000026bc       0xc8 D:/Program Files/STM32CubeCLT_1.17.0/GNU-tools-for-STM32/bin/../lib/gcc/arm-none-eabi/12.3.1/thumb/v7e-m/nofp\libgcc.a(_arm_cmpsf2.o)
 .debug_frame   0x00002784       0x2c D:/Program Files/STM32CubeCLT_1.17.0/GNU-tools-for-STM32/bin/../lib/gcc/arm-none-eabi/12.3.1/thumb/v7e-m/nofp\libgcc.a(_aeabi_uldivmod.o)
 .debug_frame   0x000027b0       0x34 D:/Program Files/STM32CubeCLT_1.17.0/GNU-tools-for-STM32/bin/../lib/gcc/arm-none-eabi/12.3.1/thumb/v7e-m/nofp\libgcc.a(_udivmoddi4.o)
 .debug_frame   0x000027e4       0x20 D:/Program Files/STM32CubeCLT_1.17.0/GNU-tools-for-STM32/bin/../lib/gcc/arm-none-eabi/12.3.1/../../../../arm-none-eabi/lib/thumb/v7e-m/nofp\libg.a(libc_a-memset.o)
 .debug_frame   0x00002804       0x2c D:/Program Files/STM32CubeCLT_1.17.0/GNU-tools-for-STM32/bin/../lib/gcc/arm-none-eabi/12.3.1/../../../../arm-none-eabi/lib/thumb/v7e-m/nofp\libg.a(libc_a-init.o)
 .debug_frame   0x00002830       0xb0 D:/Program Files/STM32CubeCLT_1.17.0/GNU-tools-for-STM32/bin/../lib/gcc/arm-none-eabi/12.3.1/../../../../arm-none-eabi/lib/thumb/v7e-m/nofp\libg.a(libc_a-lock.o)
 .debug_frame   0x000028e0       0x58 D:/Program Files/STM32CubeCLT_1.17.0/GNU-tools-for-STM32/bin/../lib/gcc/arm-none-eabi/12.3.1/../../../../arm-none-eabi/lib/thumb/v7e-m/nofp\libg.a(libc_a-__call_atexit.o)